Archive member included to satisfy reference by file (symbol)

D:/SOFTWARE/en.st-stm32cubeide_1.18.1_24813_20250409_2138_x86_64.exe/STM32CubeIDE_1.18.1/STM32CubeIDE/plugins/com.st.stm32cube.ide.mcu.externaltools.gnu-tools-for-stm32.13.3.rel1.win32_1.0.0.202411081344/tools/bin/../lib/gcc/arm-none-eabi/13.3.1/../../../../arm-none-eabi/lib/thumb/v7e-m+fp/hard\libc_nano.a(libc_a-exit.o)
                              D:/SOFTWARE/en.st-stm32cubeide_1.18.1_24813_20250409_2138_x86_64.exe/STM32CubeIDE_1.18.1/STM32CubeIDE/plugins/com.st.stm32cube.ide.mcu.externaltools.gnu-tools-for-stm32.13.3.rel1.win32_1.0.0.202411081344/tools/bin/../lib/gcc/arm-none-eabi/13.3.1/../../../../arm-none-eabi/lib/thumb/v7e-m+fp/hard/crt0.o (exit)
D:/SOFTWARE/en.st-stm32cubeide_1.18.1_24813_20250409_2138_x86_64.exe/STM32CubeIDE_1.18.1/STM32CubeIDE/plugins/com.st.stm32cube.ide.mcu.externaltools.gnu-tools-for-stm32.13.3.rel1.win32_1.0.0.202411081344/tools/bin/../lib/gcc/arm-none-eabi/13.3.1/../../../../arm-none-eabi/lib/thumb/v7e-m+fp/hard\libc_nano.a(libc_a-nano-vfprintf_float.o)
                              (_printf_float)
D:/SOFTWARE/en.st-stm32cubeide_1.18.1_24813_20250409_2138_x86_64.exe/STM32CubeIDE_1.18.1/STM32CubeIDE/plugins/com.st.stm32cube.ide.mcu.externaltools.gnu-tools-for-stm32.13.3.rel1.win32_1.0.0.202411081344/tools/bin/../lib/gcc/arm-none-eabi/13.3.1/../../../../arm-none-eabi/lib/thumb/v7e-m+fp/hard\libc_nano.a(libc_a-nano-vfprintf_i.o)
                              D:/SOFTWARE/en.st-stm32cubeide_1.18.1_24813_20250409_2138_x86_64.exe/STM32CubeIDE_1.18.1/STM32CubeIDE/plugins/com.st.stm32cube.ide.mcu.externaltools.gnu-tools-for-stm32.13.3.rel1.win32_1.0.0.202411081344/tools/bin/../lib/gcc/arm-none-eabi/13.3.1/../../../../arm-none-eabi/lib/thumb/v7e-m+fp/hard\libc_nano.a(libc_a-nano-vfprintf_float.o) (_printf_common)
D:/SOFTWARE/en.st-stm32cubeide_1.18.1_24813_20250409_2138_x86_64.exe/STM32CubeIDE_1.18.1/STM32CubeIDE/plugins/com.st.stm32cube.ide.mcu.externaltools.gnu-tools-for-stm32.13.3.rel1.win32_1.0.0.202411081344/tools/bin/../lib/gcc/arm-none-eabi/13.3.1/../../../../arm-none-eabi/lib/thumb/v7e-m+fp/hard\libc_nano.a(libc_a-findfp.o)
                              D:/SOFTWARE/en.st-stm32cubeide_1.18.1_24813_20250409_2138_x86_64.exe/STM32CubeIDE_1.18.1/STM32CubeIDE/plugins/com.st.stm32cube.ide.mcu.externaltools.gnu-tools-for-stm32.13.3.rel1.win32_1.0.0.202411081344/tools/bin/../lib/gcc/arm-none-eabi/13.3.1/../../../../arm-none-eabi/lib/thumb/v7e-m+fp/hard\libc_nano.a(libc_a-exit.o) (__stdio_exit_handler)
D:/SOFTWARE/en.st-stm32cubeide_1.18.1_24813_20250409_2138_x86_64.exe/STM32CubeIDE_1.18.1/STM32CubeIDE/plugins/com.st.stm32cube.ide.mcu.externaltools.gnu-tools-for-stm32.13.3.rel1.win32_1.0.0.202411081344/tools/bin/../lib/gcc/arm-none-eabi/13.3.1/../../../../arm-none-eabi/lib/thumb/v7e-m+fp/hard\libc_nano.a(libc_a-fwalk.o)
                              D:/SOFTWARE/en.st-stm32cubeide_1.18.1_24813_20250409_2138_x86_64.exe/STM32CubeIDE_1.18.1/STM32CubeIDE/plugins/com.st.stm32cube.ide.mcu.externaltools.gnu-tools-for-stm32.13.3.rel1.win32_1.0.0.202411081344/tools/bin/../lib/gcc/arm-none-eabi/13.3.1/../../../../arm-none-eabi/lib/thumb/v7e-m+fp/hard\libc_nano.a(libc_a-findfp.o) (_fwalk_sglue)
D:/SOFTWARE/en.st-stm32cubeide_1.18.1_24813_20250409_2138_x86_64.exe/STM32CubeIDE_1.18.1/STM32CubeIDE/plugins/com.st.stm32cube.ide.mcu.externaltools.gnu-tools-for-stm32.13.3.rel1.win32_1.0.0.202411081344/tools/bin/../lib/gcc/arm-none-eabi/13.3.1/../../../../arm-none-eabi/lib/thumb/v7e-m+fp/hard\libc_nano.a(libc_a-printf.o)
                              ./Core/Src/BNO055.o (printf)
D:/SOFTWARE/en.st-stm32cubeide_1.18.1_24813_20250409_2138_x86_64.exe/STM32CubeIDE_1.18.1/STM32CubeIDE/plugins/com.st.stm32cube.ide.mcu.externaltools.gnu-tools-for-stm32.13.3.rel1.win32_1.0.0.202411081344/tools/bin/../lib/gcc/arm-none-eabi/13.3.1/../../../../arm-none-eabi/lib/thumb/v7e-m+fp/hard\libc_nano.a(libc_a-puts.o)
                              ./Core/Src/BNO055.o (puts)
D:/SOFTWARE/en.st-stm32cubeide_1.18.1_24813_20250409_2138_x86_64.exe/STM32CubeIDE_1.18.1/STM32CubeIDE/plugins/com.st.stm32cube.ide.mcu.externaltools.gnu-tools-for-stm32.13.3.rel1.win32_1.0.0.202411081344/tools/bin/../lib/gcc/arm-none-eabi/13.3.1/../../../../arm-none-eabi/lib/thumb/v7e-m+fp/hard\libc_nano.a(libc_a-snprintf.o)
                              ./Core/Src/main.o (snprintf)
D:/SOFTWARE/en.st-stm32cubeide_1.18.1_24813_20250409_2138_x86_64.exe/STM32CubeIDE_1.18.1/STM32CubeIDE/plugins/com.st.stm32cube.ide.mcu.externaltools.gnu-tools-for-stm32.13.3.rel1.win32_1.0.0.202411081344/tools/bin/../lib/gcc/arm-none-eabi/13.3.1/../../../../arm-none-eabi/lib/thumb/v7e-m+fp/hard\libc_nano.a(libc_a-stdio.o)
[...]
Memory Configuration

Name             Origin             Length             Attributes
CCMRAM           0x10000000         0x00010000         xrw
RAM              0x20000000         0x00020000         xrw
FLASH            0x08000000         0x00100000         xr
*default*        0x00000000         0xffffffff

Linker script and memory map

LOAD D:/SOFTWARE/en.st-stm32cubeide_1.18.1_24813_20250409_2138_x86_64.exe/STM32CubeIDE_1.18.1/STM32CubeIDE/plugins/com.st.stm32cube.ide.mcu.externaltools.gnu-tools-for-stm32.13.3.rel1.win32_1.0.0.202411081344/tools/bin/../lib/gcc/arm-none-eabi/13.3.1/thumb/v7e-m+fp/hard/crti.o
LOAD D:/SOFTWARE/en.st-stm32cubeide_1.18.1_24813_20250409_2138_x86_64.exe/STM32CubeIDE_1.18.1/STM32CubeIDE/plugins/com.st.stm32cube.ide.mcu.externaltools.gnu-tools-for-stm32.13.3.rel1.win32_1.0.0.202411081344/tools/bin/../lib/gcc/arm-none-eabi/13.3.1/thumb/v7e-m+fp/hard/crtbegin.o
LOAD D:/SOFTWARE/en.st-stm32cubeide_1.18.1_24813_20250409_2138_x86_64.exe/STM32CubeIDE_1.18.1/STM32CubeIDE/plugins/com.st.stm32cube.ide.mcu.externaltools.gnu-tools-for-stm32.13.3.rel1.win32_1.0.0.202411081344/tools/bin/../lib/gcc/arm-none-eabi/13.3.1/../../../../arm-none-eabi/lib/thumb/v7e-m+fp/hard/crt0.o
LOAD ./Core/Src/BNO055.o
LOAD ./Core/Src/HC_SR04.o
LOAD ./Core/Src/can_topic.o
LOAD ./Core/Src/can_tranceive.o
LOAD ./Core/Src/main.o
LOAD ./Core/Src/stm32f4xx_hal_msp.o
LOAD ./Core/Src/stm32f4xx_it.o
LOAD ./Core/Src/syscalls.o
LOAD ./Core/Src/sysmem.o
LOAD ./Core/Src/system_stm32f4xx.o
LOAD ./Core/Startup/startup_stm32f407vgtx.o
LOAD ./Drivers/STM32F4xx_HAL_Driver/Src/stm32f4xx_hal.o
LOAD ./Drivers/STM32F4xx_HAL_Driver/Src/stm32f4xx_hal_can.o
LOAD ./Drivers/STM32F4xx_HAL_Driver/Src/stm32f4xx_hal_cortex.o
LOAD ./Drivers/STM32F4xx_HAL_Driver/Src/stm32f4xx_hal_dma.o
LOAD ./Drivers/STM32F4xx_HAL_Driver/Src/stm32f4xx_hal_dma_ex.o
LOAD ./Drivers/STM32F4xx_HAL_Driver/Src/stm32f4xx_hal_exti.o
LOAD ./Drivers/STM32F4xx_HAL_Driver/Src/stm32f4xx_hal_flash.o
LOAD ./Drivers/STM32F4xx_HAL_Driver/Src/stm32f4xx_hal_flash_ex.o
LOAD ./Drivers/STM32F4xx_HAL_Driver/Src/stm32f4xx_hal_flash_ramfunc.o
LOAD ./Drivers/STM32F4xx_HAL_Driver/Src/stm32f4xx_hal_gpio.o
LOAD ./Drivers/STM32F4xx_HAL_Driver/Src/stm32f4xx_hal_i2c.o
LOAD ./Drivers/STM32F4xx_HAL_Driver/Src/stm32f4xx_hal_i2c_ex.o
LOAD ./Drivers/STM32F4xx_HAL_Driver/Src/stm32f4xx_hal_pwr.o
LOAD ./Drivers/STM32F4xx_HAL_Driver/Src/stm32f4xx_hal_pwr_ex.o
LOAD ./Drivers/STM32F4xx_HAL_Driver/Src/stm32f4xx_hal_rcc.o
LOAD ./Drivers/STM32F4xx_HAL_Driver/Src/stm32f4xx_hal_rcc_ex.o
LOAD ./Drivers/STM32F4xx_HAL_Driver/Src/stm32f4xx_hal_spi.o
LOAD ./Drivers/STM32F4xx_HAL_Driver/Src/stm32f4xx_hal_tim.o
LOAD ./Drivers/STM32F4xx_HAL_Driver/Src/stm32f4xx_hal_tim_ex.o
LOAD ./Drivers/STM32F4xx_HAL_Driver/Src/stm32f4xx_hal_uart.o
START GROUP
LOAD D:/SOFTWARE/en.st-stm32cubeide_1.18.1_24813_20250409_2138_x86_64.exe/STM32CubeIDE_1.18.1/STM32CubeIDE/plugins/com.st.stm32cube.ide.mcu.externaltools.gnu-tools-for-stm32.13.3.rel1.win32_1.0.0.202411081344/tools/bin/../lib/gcc/arm-none-eabi/13.3.1/../../../../arm-none-eabi/lib/thumb/v7e-m+fp/hard\libc_nano.a
LOAD D:/SOFTWARE/en.st-stm32cubeide_1.18.1_24813_20250409_2138_x86_64.exe/STM32CubeIDE_1.18.1/STM32CubeIDE/plugins/com.st.stm32cube.ide.mcu.externaltools.gnu-tools-for-stm32.13.3.rel1.win32_1.0.0.202411081344/tools/bin/../lib/gcc/arm-none-eabi/13.3.1/../../../../arm-none-eabi/lib/thumb/v7e-m+fp/hard\libm.a
END GROUP
START GROUP
LOAD D:/SOFTWARE/en.st-stm32cubeide_1.18.1_24813_20250409_2138_x86_64.exe/STM32CubeIDE_1.18.1/STM32CubeIDE/plugins/com.st.stm32cube.ide.mcu.externaltools.gnu-tools-for-stm32.13.3.rel1.win32_1.0.0.202411081344/tools/bin/../lib/gcc/arm-none-eabi/13.3.1/thumb/v7e-m+fp/hard\libgcc.a
LOAD D:/SOFTWARE/en.st-stm32cubeide_1.18.1_24813_20250409_2138_x86_64.exe/STM32CubeIDE_1.18.1/STM32CubeIDE/plugins/com.st.stm32cube.ide.mcu.externaltools.gnu-tools-for-stm32.13.3.rel1.win32_1.0.0.202411081344/tools/bin/../lib/gcc/arm-none-eabi/13.3.1/../../../../arm-none-eabi/lib/thumb/v7e-m+fp/hard\libc_nano.a
END GROUP
START GROUP
LOAD D:/SOFTWARE/en.st-stm32cubeide_1.18.1_24813_20250409_2138_x86_64.exe/STM32CubeIDE_1.18.1/STM32CubeIDE/plugins/com.st.stm32cube.ide.mcu.externaltools.gnu-tools-for-stm32.13.3.rel1.win32_1.0.0.202411081344/tools/bin/../lib/gcc/arm-none-eabi/13.3.1/thumb/v7e-m+fp/hard\libgcc.a
LOAD D:/SOFTWARE/en.st-stm32cubeide_1.18.1_24813_20250409_2138_x86_64.exe/STM32CubeIDE_1.18.1/STM32CubeIDE/plugins/com.st.stm32cube.ide.mcu.externaltools.gnu-tools-for-stm32.13.3.rel1.win32_1.0.0.202411081344/tools/bin/../lib/gcc/arm-none-eabi/13.3.1/../../../../arm-none-eabi/lib/thumb/v7e-m+fp/hard\libc_nano.a
LOAD D:/SOFTWARE/en.st-stm32cubeide_1.18.1_24813_20250409_2138_x86_64.exe/STM32CubeIDE_1.18.1/STM32CubeIDE/plugins/com.st.stm32cube.ide.mcu.externaltools.gnu-tools-for-stm32.13.3.rel1.win32_1.0.0.202411081344/tools/bin/../lib/gcc/arm-none-eabi/13.3.1/../../../../arm-none-eabi/lib/thumb/v7e-m+fp/hard\libnosys.a
END GROUP
START GROUP
LOAD D:/SOFTWARE/en.st-stm32cubeide_1.18.1_24813_20250409_2138_x86_64.exe/STM32CubeIDE_1.18.1/STM32CubeIDE/plugins/com.st.stm32cube.ide.mcu.externaltools.gnu-tools-for-stm32.13.3.rel1.win32_1.0.0.202411081344/tools/bin/../lib/gcc/arm-none-eabi/13.3.1/thumb/v7e-m+fp/hard\libgcc.a
LOAD D:/SOFTWARE/en.st-stm32cubeide_1.18.1_24813_20250409_2138_x86_64.exe/STM32CubeIDE_1.18.1/STM32CubeIDE/plugins/com.st.stm32cube.ide.mcu.externaltools.gnu-tools-for-stm32.13.3.rel1.win32_1.0.0.202411081344/tools/bin/../lib/gcc/arm-none-eabi/13.3.1/../../../../arm-none-eabi/lib/thumb/v7e-m+fp/hard\libc_nano.a
LOAD D:/SOFTWARE/en.st-stm32cubeide_1.18.1_24813_20250409_2138_x86_64.exe/STM32CubeIDE_1.18.1/STM32CubeIDE/plugins/com.st.stm32cube.ide.mcu.externaltools.gnu-tools-for-stm32.13.3.rel1.win32_1.0.0.202411081344/tools/bin/../lib/gcc/arm-none-eabi/13.3.1/../../../../arm-none-eabi/lib/thumb/v7e-m+fp/hard\libnosys.a
END GROUP
LOAD D:/SOFTWARE/en.st-stm32cubeide_1.18.1_24813_20250409_2138_x86_64.exe/STM32CubeIDE_1.18.1/STM32CubeIDE/plugins/com.st.stm32cube.ide.mcu.externaltools.gnu-tools-for-stm32.13.3.rel1.win32_1.0.0.202411081344/tools/bin/../lib/gcc/arm-none-eabi/13.3.1/thumb/v7e-m+fp/hard/crtend.o
LOAD D:/SOFTWARE/en.st-stm32cubeide_1.18.1_24813_20250409_2138_x86_64.exe/STM32CubeIDE_1.18.1/STM32CubeIDE/plugins/com.st.stm32cube.ide.mcu.externaltools.gnu-tools-for-stm32.13.3.rel1.win32_1.0.0.202411081344/tools/bin/../lib/gcc/arm-none-eabi/13.3.1/thumb/v7e-m+fp/hard/crtn.o
                0x20020000                        _estack = (ORIGIN (RAM) + LENGTH (RAM))
                0x00000200                        _Min_Heap_Size = 0x200
                0x00000400                        _Min_Stack_Size = 0x400

.isr_vector     0x08000000      0x188
                0x08000000                        . = ALIGN (0x4)
 *(.isr_vector)
 .isr_vector    0x08000000      0x188 ./Core/Startup/startup_stm32f407vgtx.o
                0x08000000                g_pfnVectors
                0x08000188                        . = ALIGN (0x4)

.text           0x08000190     0xc414
                0x08000190                        . = ALIGN (0x4)
 *(.text)
 .text          0x08000190       0x40 D:/SOFTWARE/en.st-stm32cubeide_1.18.1_24813_20250409_2138_x86_64.exe/STM32CubeIDE_1.18.1/STM32CubeIDE/plugins/com.st.stm32cube.ide.mcu.externaltools.gnu-tools-for-stm32.13.3.rel1.win32_1.0.0.202411081344/tools/bin/../lib/gcc/arm-none-eabi/13.3.1/thumb/v7e-m+fp/hard/crtbegin.o
 .text          0x080001d0       0xa0 D:/SOFTWARE/en.st-stm32cubeide_1.18.1_24813_20250409_2138_x86_64.exe/STM32CubeIDE_1.18.1/STM32CubeIDE/plugins/com.st.stm32cube.ide.mcu.externaltools.gnu-tools-for-stm32.13.3.rel1.win32_1.0.0.202411081344/tools/bin/../lib/gcc/arm-none-eabi/13.3.1/../../../../arm-none-eabi/lib/thumb/v7e-m+fp/hard\libc_nano.a(libc_a-memchr.o)
                0x080001d0                memchr
 .text          0x08000270       0x10 D:/SOFTWARE/en.st-stm32cubeide_1.18.1_24813_20250409_2138_x86_64.exe/STM32CubeIDE_1.18.1/STM32CubeIDE/plugins/com.st.stm32cube.ide.mcu.externaltools.gnu-tools-for-stm32.13.3.rel1.win32_1.0.0.202411081344/tools/bin/../lib/gcc/arm-none-eabi/13.3.1/../../../../arm-none-eabi/lib/thumb/v7e-m+fp/hard\libc_nano.a(libc_a-strlen.o)
                0x08000270                strlen
 .text          0x08000280      0x378 D:/SOFTWARE/en.st-stm32cubeide_1.18.1_24813_20250409_2138_x86_64.exe/STM32CubeIDE_1.18.1/STM32CubeIDE/plugins/com.st.stm32cube.ide.mcu.externaltools.gnu-tools-for-stm32.13.3.rel1.win32_1.0.0.202411081344/tools/bin/../lib/gcc/arm-none-eabi/13.3.1/thumb/v7e-m+fp/hard\libgcc.a(_arm_addsubdf3.o)
                0x08000280                __aeabi_drsub
                0x08000288                __aeabi_dsub
                0x08000288                __subdf3
                0x0800028c                __aeabi_dadd
                0x0800028c                __adddf3
                0x08000504                __floatunsidf
                0x08000504                __aeabi_ui2d
                0x08000524                __floatsidf
                0x08000524                __aeabi_i2d
                0x08000548                __aeabi_f2d
                0x08000548                __extendsfdf2
                0x0800058c                __floatundidf
                0x0800058c                __aeabi_ul2d
                0x0800059c                __floatdidf
                0x0800059c                __aeabi_l2d
 .text          0x080005f8      0x424 D:/SOFTWARE/en.st-stm32cubeide_1.18.1_24813_20250409_2138_x86_64.exe/STM32CubeIDE_1.18.1/STM32CubeIDE/plugins/com.st.stm32cube.ide.mcu.externaltools.gnu-tools-for-stm32.13.3.rel1.win32_1.0.0.202411081344/tools/bin/../lib/gcc/arm-none-eabi/13.3.1/thumb/v7e-m+fp/hard\libgcc.a(_arm_muldivdf3.o)
                0x080005f8                __aeabi_dmul
                0x080005f8                __muldf3
                0x0800084c                __divdf3
                0x0800084c                __aeabi_ddiv
 .text          0x08000a1c      0x110 D:/SOFTWARE/en.st-stm32cubeide_1.18.1_24813_20250409_2138_x86_64.exe/STM32CubeIDE_1.18.1/STM32CubeIDE/plugins/com.st.stm32cube.ide.mcu.externaltools.gnu-tools-for-stm32.13.3.rel1.win32_1.0.0.202411081344/tools/bin/../lib/gcc/arm-none-eabi/13.3.1/thumb/v7e-m+fp/hard\libgcc.a(_arm_cmpdf2.o)
                0x08000a1c                __gtdf2
                0x08000a1c                __gedf2
                0x08000a24                __ltdf2
                0x08000a24                __ledf2
                0x08000a2c                __nedf2
                0x08000a2c                __eqdf2
                0x08000a2c                __cmpdf2
                0x08000aa8                __aeabi_cdrcmple
                0x08000ab8                __aeabi_cdcmpeq
                0x08000ab8                __aeabi_cdcmple
                0x08000ac8                __aeabi_dcmpeq
                0x08000adc                __aeabi_dcmplt
                0x08000af0                __aeabi_dcmple
                0x08000b04                __aeabi_dcmpge
                0x08000b18                __aeabi_dcmpgt
 .text          0x08000b2c       0x2c D:/SOFTWARE/en.st-stm32cubeide_1.18.1_24813_20250409_2138_x86_64.exe/STM32CubeIDE_1.18.1/STM32CubeIDE/plugins/com.st.stm32cube.ide.mcu.externaltools.gnu-tools-for-stm32.13.3.rel1.win32_1.0.0.202411081344/tools/bin/../lib/gcc/arm-none-eabi/13.3.1/thumb/v7e-m+fp/hard\libgcc.a(_arm_unorddf2.o)
                0x08000b2c                __unorddf2
                0x08000b2c                __aeabi_dcmpun
 .text          0x08000b58       0x50 D:/SOFTWARE/en.st-stm32cubeide_1.18.1_24813_20250409_2138_x86_64.exe/STM32CubeIDE_1.18.1/STM32CubeIDE/plugins/com.st.stm32cube.ide.mcu.externaltools.gnu-tools-for-stm32.13.3.rel1.win32_1.0.0.202411081344/tools/bin/../lib/gcc/arm-none-eabi/13.3.1/thumb/v7e-m+fp/hard\libgcc.a(_arm_fixdfsi.o)
                0x08000b58                __aeabi_d2iz
                0x08000b58                __fixdfsi
 .text          0x08000ba8       0x30 D:/SOFTWARE/en.st-stm32cubeide_1.18.1_24813_20250409_2138_x86_64.exe/STM32CubeIDE_1.18.1/STM32CubeIDE/plugins/com.st.stm32cube.ide.mcu.externaltools.gnu-tools-for-stm32.13.3.rel1.win32_1.0.0.202411081344/tools/bin/../lib/gcc/arm-none-eabi/13.3.1/thumb/v7e-m+fp/hard\libgcc.a(_aeabi_uldivmod.o)
                0x08000ba8                __aeabi_uldivmod
 .text          0x08000bd8      0x2f8 D:/SOFTWARE/en.st-stm32cubeide_1.18.1_24813_20250409_2138_x86_64.exe/STM32CubeIDE_1.18.1/STM32CubeIDE/plugins/com.st.stm32cube.ide.mcu.externaltools.gnu-tools-for-stm32.13.3.rel1.win32_1.0.0.202411081344/tools/bin/../lib/gcc/arm-none-eabi/13.3.1/thumb/v7e-m+fp/hard\libgcc.a(_udivmoddi4.o)
                0x08000bd8                __udivmoddi4
 .text          0x08000ed0        0x4 D:/SOFTWARE/en.st-stm32cubeide_1.18.1_24813_20250409_2138_x86_64.exe/STM32CubeIDE_1.18.1/STM32CubeIDE/plugins/com.st.stm32cube.ide.mcu.externaltools.gnu-tools-for-stm32.13.3.rel1.win32_1.0.0.202411081344/tools/bin/../lib/gcc/arm-none-eabi/13.3.1/thumb/v7e-m+fp/hard\libgcc.a(_dvmd_tls.o)
                0x08000ed0                __aeabi_idiv0
                0x08000ed0                __aeabi_ldiv0
 *(.text*)
 .text.print_uart
                0x08000ed4       0x2c ./Core/Src/main.o
                0x08000ed4                print_uart
 .text.handle_uart_command
                0x08000f00       0x5c ./Core/Src/main.o
                0x08000f00                handle_uart_command
 .text.HAL_UART_RxCpltCallback
                0x08000f5c       0x98 ./Core/Src/main.o
                0x08000f5c                HAL_UART_RxCpltCallback
 .text.set_drive_mode
                0x08000ff4      0x178 ./Core/Src/main.o
                0x08000ff4                set_drive_mode
 .text.delay_us
                0x0800116c       0x38 ./Core/Src/main.o
                0x0800116c                delay_us
 .text.PS2_ATT_LOW
                0x080011a4       0x18 ./Core/Src/main.o
                0x080011a4                PS2_ATT_LOW
 .text.PS2_ATT_HIGH
                0x080011bc       0x18 ./Core/Src/main.o
                0x080011bc                PS2_ATT_HIGH
 .text.PS2_SendCommand
                0x080011d4       0x60 ./Core/Src/main.o
                0x080011d4                PS2_SendCommand
 .text.PS2_Init
                0x08001234       0xa4 ./Core/Src/main.o
                0x08001234                PS2_Init
 .text.PS2_ReadButtons
                0x080012d8       0xa0 ./Core/Src/main.o
                0x080012d8                PS2_ReadButtons
 .text.Test_SPI_1Byte
                0x08001378       0x5c ./Core/Src/main.o
                0x08001378                Test_SPI_1Byte
 .text.send_sdo_write_u8
                0x080013d4       0x80 ./Core/Src/main.o
                0x080013d4                send_sdo_write_u8
 .text.send_sdo_write_u16
                0x08001454       0x88 ./Core/Src/main.o
                0x08001454                send_sdo_write_u16
 .text.send_sdo_write_u32
                0x080014dc       0x84 ./Core/Src/main.o
                0x080014dc                send_sdo_write_u32
 .text.remap_rpdo1_for_velocity
                0x08001560       0x80 ./Core/Src/main.o
                0x08001560                remap_rpdo1_for_velocity
 .text.remap_tpdo1_velocity
                0x080015e0       0x64 ./Core/Src/main.o
                0x080015e0                remap_tpdo1_velocity
 .text.send_enable_sequence
                0x08001644       0x62 ./Core/Src/main.o
                0x08001644                send_enable_sequence
 *fill*         0x080016a6        0x2 
 .text.send_sync_frame
                0x080016a8       0x44 ./Core/Src/main.o
                0x080016a8                send_sync_frame
 .text.send_velocity_rpdo
                0x080016ec       0xf4 ./Core/Src/main.o
                0x080016ec                send_velocity_rpdo
 .text.send_temp_to_usbcan
                0x080017e0       0x60 ./Core/Src/main.o
                0x080017e0                send_temp_to_usbcan
 .text.HAL_CAN_RxFifo0MsgPendingCallback
                0x08001840      0x3d8 ./Core/Src/main.o
                0x08001840                HAL_CAN_RxFifo0MsgPendingCallback
 .text.send_vel_can
                0x08001c18       0xa8 ./Core/Src/main.o
                0x08001c18                send_vel_can
 .text.request_actual_velocity
                0x08001cc0       0x48 ./Core/Src/main.o
                0x08001cc0                request_actual_velocity
 .text.main     0x08001d08      0x6b0 ./Core/Src/main.o
                0x08001d08                main
 .text.SystemClock_Config
                0x080023b8       0xd4 ./Core/Src/main.o
                0x080023b8                SystemClock_Config
 .text.MX_CAN2_Init
                0x0800248c       0x6c ./Core/Src/main.o
 .text.MX_I2C1_Init
                0x080024f8       0x5c ./Core/Src/main.o
 .text.MX_I2C3_Init
                0x08002554       0x5c ./Core/Src/main.o
 .text.MX_SPI1_Init
                0x080025b0       0x6c ./Core/Src/main.o
 .text.MX_TIM1_Init
                0x0800261c       0xa0 ./Core/Src/main.o
 .text.MX_TIM8_Init
                0x080026bc       0x78 ./Core/Src/main.o
 .text.MX_TIM14_Init
                0x08002734       0x48 ./Core/Src/main.o
 .text.MX_USART2_UART_Init
                0x0800277c       0x70 ./Core/Src/main.o
 .text.MX_DMA_Init
                0x080027ec       0x50 ./Core/Src/main.o
 .text.MX_GPIO_Init
                0x0800283c      0x31c ./Core/Src/main.o
 .text.Error_Handler
                0x08002b58        0xc ./Core/Src/main.o
                0x08002b58                Error_Handler
 .text.HAL_MspInit
                0x08002b64       0x50 ./Core/Src/stm32f4xx_hal_msp.o
                0x08002b64                HAL_MspInit
 .text.HAL_CAN_MspInit
                0x08002bb4      0x10c ./Core/Src/stm32f4xx_hal_msp.o
                0x08002bb4                HAL_CAN_MspInit
 .text.HAL_I2C_MspInit
                0x08002cc0      0x22c ./Core/Src/stm32f4xx_hal_msp.o
                0x08002cc0                HAL_I2C_MspInit
 .text.HAL_SPI_MspInit
                0x08002eec       0xa0 ./Core/Src/stm32f4xx_hal_msp.o
                0x08002eec                HAL_SPI_MspInit
 .text.HAL_TIM_Base_MspInit
                0x08002f8c       0xac ./Core/Src/stm32f4xx_hal_msp.o
                0x08002f8c                HAL_TIM_Base_MspInit
 .text.HAL_TIM_OnePulse_MspInit
                0x08003038       0xa0 ./Core/Src/stm32f4xx_hal_msp.o
                0x08003038                HAL_TIM_OnePulse_MspInit
 .text.HAL_UART_MspInit
                0x080030d8       0xa0 ./Core/Src/stm32f4xx_hal_msp.o
                0x080030d8                HAL_UART_MspInit
 .text.NMI_Handler
                0x08003178        0x8 ./Core/Src/stm32f4xx_it.o
                0x08003178                NMI_Handler
 .text.HardFault_Handler
                0x08003180        0x8 ./Core/Src/stm32f4xx_it.o
                0x08003180                HardFault_Handler
 .text.MemManage_Handler
                0x08003188        0x8 ./Core/Src/stm32f4xx_it.o
                0x08003188                MemManage_Handler
 .text.BusFault_Handler
                0x08003190        0x8 ./Core/Src/stm32f4xx_it.o
                0x08003190                BusFault_Handler
 .text.UsageFault_Handler
                0x08003198        0x8 ./Core/Src/stm32f4xx_it.o
                0x08003198                UsageFault_Handler
 .text.SVC_Handler
                0x080031a0        0xe ./Core/Src/stm32f4xx_it.o
                0x080031a0                SVC_Handler
 .text.DebugMon_Handler
                0x080031ae        0xe ./Core/Src/stm32f4xx_it.o
                0x080031ae                DebugMon_Handler
 .text.PendSV_Handler
                0x080031bc        0xe ./Core/Src/stm32f4xx_it.o
                0x080031bc                PendSV_Handler
 .text.SysTick_Handler
                0x080031ca        0xc ./Core/Src/stm32f4xx_it.o
                0x080031ca                SysTick_Handler
 .text.EXTI0_IRQHandler
                0x080031d6        0xe ./Core/Src/stm32f4xx_it.o
                0x080031d6                EXTI0_IRQHandler
 .text.DMA1_Stream2_IRQHandler
                0x080031e4       0x14 ./Core/Src/stm32f4xx_it.o
                0x080031e4                DMA1_Stream2_IRQHandler
 .text.DMA1_Stream4_IRQHandler
                0x080031f8       0x14 ./Core/Src/stm32f4xx_it.o
                0x080031f8                DMA1_Stream4_IRQHandler
 .text.TIM1_BRK_TIM9_IRQHandler
                0x0800320c       0x14 ./Core/Src/stm32f4xx_it.o
                0x0800320c                TIM1_BRK_TIM9_IRQHandler
 .text.TIM1_UP_TIM10_IRQHandler
                0x08003220       0x14 ./Core/Src/stm32f4xx_it.o
                0x08003220                TIM1_UP_TIM10_IRQHandler
 .text.TIM1_TRG_COM_TIM11_IRQHandler
                0x08003234       0x14 ./Core/Src/stm32f4xx_it.o
                0x08003234                TIM1_TRG_COM_TIM11_IRQHandler
 .text.TIM1_CC_IRQHandler
                0x08003248       0x14 ./Core/Src/stm32f4xx_it.o
                0x08003248                TIM1_CC_IRQHandler
 .text.SPI1_IRQHandler
                0x0800325c       0x14 ./Core/Src/stm32f4xx_it.o
                0x0800325c                SPI1_IRQHandler
 .text.USART2_IRQHandler
                0x08003270       0x14 ./Core/Src/stm32f4xx_it.o
                0x08003270                USART2_IRQHandler
 .text.TIM8_CC_IRQHandler
                0x08003284       0x14 ./Core/Src/stm32f4xx_it.o
                0x08003284                TIM8_CC_IRQHandler
 .text.CAN2_TX_IRQHandler
                0x08003298       0x14 ./Core/Src/stm32f4xx_it.o
                0x08003298                CAN2_TX_IRQHandler
 .text.CAN2_RX0_IRQHandler
                0x080032ac       0x14 ./Core/Src/stm32f4xx_it.o
                0x080032ac                CAN2_RX0_IRQHandler
 .text.CAN2_RX1_IRQHandler
                0x080032c0       0x14 ./Core/Src/stm32f4xx_it.o
                0x080032c0                CAN2_RX1_IRQHandler
 .text.CAN2_SCE_IRQHandler
                0x080032d4       0x14 ./Core/Src/stm32f4xx_it.o
                0x080032d4                CAN2_SCE_IRQHandler
 .text.I2C3_EV_IRQHandler
                0x080032e8       0x14 ./Core/Src/stm32f4xx_it.o
                0x080032e8                I2C3_EV_IRQHandler
 .text.I2C3_ER_IRQHandler
                0x080032fc       0x14 ./Core/Src/stm32f4xx_it.o
                0x080032fc                I2C3_ER_IRQHandler
 .text._getpid  0x08003310       0x10 ./Core/Src/syscalls.o
                0x08003310                _getpid
 .text._kill    0x08003320       0x20 ./Core/Src/syscalls.o
                0x08003320                _kill
 .text._exit    0x08003340       0x16 ./Core/Src/syscalls.o
                0x08003340                _exit
 .text._read    0x08003356       0x3a ./Core/Src/syscalls.o
                0x08003356                _read
 .text._write   0x08003390       0x38 ./Core/Src/syscalls.o
                0x08003390                _write
 .text._close   0x080033c8       0x18 ./Core/Src/syscalls.o
                0x080033c8                _close
 .text._fstat   0x080033e0       0x20 ./Core/Src/syscalls.o
                0x080033e0                _fstat
 .text._isatty  0x08003400       0x16 ./Core/Src/syscalls.o
                0x08003400                _isatty
 .text._lseek   0x08003416       0x1a ./Core/Src/syscalls.o
                0x08003416                _lseek
 .text._sbrk    0x08003430       0x6c ./Core/Src/sysmem.o
                0x08003430                _sbrk
 .text.SystemInit
                0x0800349c       0x24 ./Core/Src/system_stm32f4xx.o
                0x0800349c                SystemInit
 .text.Reset_Handler
                0x080034c0       0x50 ./Core/Startup/startup_stm32f407vgtx.o
                0x080034c0                Reset_Handler
 .text.Default_Handler
                0x08003510        0x2 ./Core/Startup/startup_stm32f407vgtx.o
                0x08003510                RTC_Alarm_IRQHandler
                0x08003510                HASH_RNG_IRQHandler
                0x08003510                EXTI2_IRQHandler
                0x08003510                DMA2_Stream5_IRQHandler
                0x08003510                DMA1_Stream5_IRQHandler
                0x08003510                PVD_IRQHandler
                0x08003510                SDIO_IRQHandler
                0x08003510                TAMP_STAMP_IRQHandler
                0x08003510                EXTI3_IRQHandler
                0x08003510                TIM8_TRG_COM_TIM14_IRQHandler
                0x08003510                TIM8_UP_TIM13_IRQHandler
                0x08003510                I2C2_EV_IRQHandler
                0x08003510                CAN1_RX0_IRQHandler
                0x08003510                FPU_IRQHandler
                0x08003510                OTG_HS_WKUP_IRQHandler
                0x08003510                DMA2_Stream2_IRQHandler
                0x08003510                TIM6_DAC_IRQHandler
                0x08003510                DCMI_IRQHandler
                0x08003510                DMA2_Stream3_IRQHandler
                0x08003510                USART6_IRQHandler
                0x08003510                USART3_IRQHandler
                0x08003510                CAN1_RX1_IRQHandler
                0x08003510                UART5_IRQHandler
                0x08003510                DMA2_Stream0_IRQHandler
                0x08003510                TIM4_IRQHandler
                0x08003510                I2C1_EV_IRQHandler
                0x08003510                DMA1_Stream6_IRQHandler
                0x08003510                DMA1_Stream1_IRQHandler
                0x08003510                UART4_IRQHandler
                0x08003510                TIM3_IRQHandler
                0x08003510                RCC_IRQHandler
                0x08003510                TIM8_BRK_TIM12_IRQHandler
                0x08003510                Default_Handler
                0x08003510                EXTI15_10_IRQHandler
                0x08003510                ADC_IRQHandler
                0x08003510                DMA1_Stream7_IRQHandler
                0x08003510                TIM7_IRQHandler
                0x08003510                TIM5_IRQHandler
                0x08003510                DMA2_Stream7_IRQHandler
                0x08003510                EXTI9_5_IRQHandler
                0x08003510                RTC_WKUP_IRQHandler
                0x08003510                ETH_WKUP_IRQHandler
                0x08003510                SPI2_IRQHandler
                0x08003510                OTG_HS_EP1_IN_IRQHandler
                0x08003510                DMA1_Stream0_IRQHandler
                0x08003510                CAN1_TX_IRQHandler
                0x08003510                EXTI4_IRQHandler
                0x08003510                FSMC_IRQHandler
                0x08003510                ETH_IRQHandler
                0x08003510                OTG_HS_EP1_OUT_IRQHandler
                0x08003510                WWDG_IRQHandler
                0x08003510                TIM2_IRQHandler
                0x08003510                OTG_FS_WKUP_IRQHandler
                0x08003510                OTG_HS_IRQHandler
                0x08003510                EXTI1_IRQHandler
                0x08003510                I2C2_ER_IRQHandler
                0x08003510                DMA2_Stream1_IRQHandler
                0x08003510                CAN1_SCE_IRQHandler
                0x08003510                FLASH_IRQHandler
                0x08003510                DMA2_Stream4_IRQHandler
                0x08003510                USART1_IRQHandler
                0x08003510                OTG_FS_IRQHandler
                0x08003510                SPI3_IRQHandler
                0x08003510                I2C1_ER_IRQHandler
                0x08003510                DMA2_Stream6_IRQHandler
                0x08003510                DMA1_Stream3_IRQHandler
 *fill*         0x08003512        0x2 
 .text.HAL_Init
                0x08003514       0x44 ./Drivers/STM32F4xx_HAL_Driver/Src/stm32f4xx_hal.o
                0x08003514                HAL_Init
 .text.HAL_InitTick
                0x08003558       0x60 ./Drivers/STM32F4xx_HAL_Driver/Src/stm32f4xx_hal.o
                0x08003558                HAL_InitTick
 .text.HAL_IncTick
                0x080035b8       0x28 ./Drivers/STM32F4xx_HAL_Driver/Src/stm32f4xx_hal.o
                0x080035b8                HAL_IncTick
 .text.HAL_GetTick
                0x080035e0       0x18 ./Drivers/STM32F4xx_HAL_Driver/Src/stm32f4xx_hal.o
                0x080035e0                HAL_GetTick
 .text.HAL_Delay
                0x080035f8       0x48 ./Drivers/STM32F4xx_HAL_Driver/Src/stm32f4xx_hal.o
                0x080035f8                HAL_Delay
 .text.HAL_CAN_Init
                0x08003640      0x1f6 ./Drivers/STM32F4xx_HAL_Driver/Src/stm32f4xx_hal_can.o
                0x08003640                HAL_CAN_Init
 *fill*         0x08003836        0x2 
 .text.HAL_CAN_ConfigFilter
                0x08003838      0x1bc ./Drivers/STM32F4xx_HAL_Driver/Src/stm32f4xx_hal_can.o
                0x08003838                HAL_CAN_ConfigFilter
 .text.HAL_CAN_Start
                0x080039f4       0x88 ./Drivers/STM32F4xx_HAL_Driver/Src/stm32f4xx_hal_can.o
                0x080039f4                HAL_CAN_Start
 .text.HAL_CAN_AddTxMessage
                0x08003a7c      0x1a0 ./Drivers/STM32F4xx_HAL_Driver/Src/stm32f4xx_hal_can.o
                0x08003a7c                HAL_CAN_AddTxMessage
 .text.HAL_CAN_GetRxMessage
                0x08003c1c      0x244 ./Drivers/STM32F4xx_HAL_Driver/Src/stm32f4xx_hal_can.o
                0x08003c1c                HAL_CAN_GetRxMessage
 .text.HAL_CAN_ActivateNotification
                0x08003e60       0x4c ./Drivers/STM32F4xx_HAL_Driver/Src/stm32f4xx_hal_can.o
                0x08003e60                HAL_CAN_ActivateNotification
 .text.HAL_CAN_IRQHandler
                0x08003eac      0x36e ./Drivers/STM32F4xx_HAL_Driver/Src/stm32f4xx_hal_can.o
                0x08003eac                HAL_CAN_IRQHandler
 .text.HAL_CAN_TxMailbox0CompleteCallback
                0x0800421a       0x14 ./Drivers/STM32F4xx_HAL_Driver/Src/stm32f4xx_hal_can.o
                0x0800421a                HAL_CAN_TxMailbox0CompleteCallback
 .text.HAL_CAN_TxMailbox1CompleteCallback
                0x0800422e       0x14 ./Drivers/STM32F4xx_HAL_Driver/Src/stm32f4xx_hal_can.o
                0x0800422e                HAL_CAN_TxMailbox1CompleteCallback
 .text.HAL_CAN_TxMailbox2CompleteCallback
                0x08004242       0x14 ./Drivers/STM32F4xx_HAL_Driver/Src/stm32f4xx_hal_can.o
                0x08004242                HAL_CAN_TxMailbox2CompleteCallback
 .text.HAL_CAN_TxMailbox0AbortCallback
                0x08004256       0x14 ./Drivers/STM32F4xx_HAL_Driver/Src/stm32f4xx_hal_can.o
                0x08004256                HAL_CAN_TxMailbox0AbortCallback
 .text.HAL_CAN_TxMailbox1AbortCallback
                0x0800426a       0x14 ./Drivers/STM32F4xx_HAL_Driver/Src/stm32f4xx_hal_can.o
                0x0800426a                HAL_CAN_TxMailbox1AbortCallback
 .text.HAL_CAN_TxMailbox2AbortCallback
                0x0800427e       0x14 ./Drivers/STM32F4xx_HAL_Driver/Src/stm32f4xx_hal_can.o
                0x0800427e                HAL_CAN_TxMailbox2AbortCallback
 .text.HAL_CAN_RxFifo0FullCallback
                0x08004292       0x14 ./Drivers/STM32F4xx_HAL_Driver/Src/stm32f4xx_hal_can.o
                0x08004292                HAL_CAN_RxFifo0FullCallback
 .text.HAL_CAN_RxFifo1MsgPendingCallback
                0x080042a6       0x14 ./Drivers/STM32F4xx_HAL_Driver/Src/stm32f4xx_hal_can.o
                0x080042a6                HAL_CAN_RxFifo1MsgPendingCallback
 .text.HAL_CAN_RxFifo1FullCallback
                0x080042ba       0x14 ./Drivers/STM32F4xx_HAL_Driver/Src/stm32f4xx_hal_can.o
                0x080042ba                HAL_CAN_RxFifo1FullCallback
 .text.HAL_CAN_SleepCallback
                0x080042ce       0x14 ./Drivers/STM32F4xx_HAL_Driver/Src/stm32f4xx_hal_can.o
                0x080042ce                HAL_CAN_SleepCallback
 .text.HAL_CAN_WakeUpFromRxMsgCallback
                0x080042e2       0x14 ./Drivers/STM32F4xx_HAL_Driver/Src/stm32f4xx_hal_can.o
                0x080042e2                HAL_CAN_WakeUpFromRxMsgCallback
 .text.HAL_CAN_ErrorCallback
                0x080042f6       0x14 ./Drivers/STM32F4xx_HAL_Driver/Src/stm32f4xx_hal_can.o
                0x080042f6                HAL_CAN_ErrorCallback
 *fill*         0x0800430a        0x2 
 .text.__NVIC_SetPriorityGrouping
                0x0800430c       0x48 ./Drivers/STM32F4xx_HAL_Driver/Src/stm32f4xx_hal_cortex.o
 .text.__NVIC_GetPriorityGrouping
                0x08004354       0x1c ./Drivers/STM32F4xx_HAL_Driver/Src/stm32f4xx_hal_cortex.o
 .text.__NVIC_EnableIRQ
                0x08004370       0x3c ./Drivers/STM32F4xx_HAL_Driver/Src/stm32f4xx_hal_cortex.o
 .text.__NVIC_SetPriority
                0x080043ac       0x54 ./Drivers/STM32F4xx_HAL_Driver/Src/stm32f4xx_hal_cortex.o
 .text.NVIC_EncodePriority
                0x08004400       0x66 ./Drivers/STM32F4xx_HAL_Driver/Src/stm32f4xx_hal_cortex.o
 *fill*         0x08004466        0x2 
 .text.SysTick_Config
                0x08004468       0x44 ./Drivers/STM32F4xx_HAL_Driver/Src/stm32f4xx_hal_cortex.o
 .text.HAL_NVIC_SetPriorityGrouping
                0x080044ac       0x16 ./Drivers/STM32F4xx_HAL_Driver/Src/stm32f4xx_hal_cortex.o
                0x080044ac                HAL_NVIC_SetPriorityGrouping
 .text.HAL_NVIC_SetPriority
                0x080044c2       0x38 ./Drivers/STM32F4xx_HAL_Driver/Src/stm32f4xx_hal_cortex.o
                0x080044c2                HAL_NVIC_SetPriority
 .text.HAL_NVIC_EnableIRQ
                0x080044fa       0x1c ./Drivers/STM32F4xx_HAL_Driver/Src/stm32f4xx_hal_cortex.o
                0x080044fa                HAL_NVIC_EnableIRQ
 .text.HAL_SYSTICK_Config
                0x08004516       0x18 ./Drivers/STM32F4xx_HAL_Driver/Src/stm32f4xx_hal_cortex.o
                0x08004516                HAL_SYSTICK_Config
 *fill*         0x0800452e        0x2 
 .text.HAL_DMA_Init
                0x08004530      0x15c ./Drivers/STM32F4xx_HAL_Driver/Src/stm32f4xx_hal_dma.o
                0x08004530                HAL_DMA_Init
 .text.HAL_DMA_Abort
                0x0800468c       0xe0 ./Drivers/STM32F4xx_HAL_Driver/Src/stm32f4xx_hal_dma.o
                0x0800468c                HAL_DMA_Abort
 .text.HAL_DMA_Abort_IT
                0x0800476c       0x44 ./Drivers/STM32F4xx_HAL_Driver/Src/stm32f4xx_hal_dma.o
                0x0800476c                HAL_DMA_Abort_IT
 .text.HAL_DMA_IRQHandler
                0x080047b0      0x314 ./Drivers/STM32F4xx_HAL_Driver/Src/stm32f4xx_hal_dma.o
                0x080047b0                HAL_DMA_IRQHandler
 .text.HAL_DMA_GetState
                0x08004ac4       0x1c ./Drivers/STM32F4xx_HAL_Driver/Src/stm32f4xx_hal_dma.o
                0x08004ac4                HAL_DMA_GetState
 .text.DMA_CalcBaseAndBitshift
                0x08004ae0       0x6c ./Drivers/STM32F4xx_HAL_Driver/Src/stm32f4xx_hal_dma.o
 .text.DMA_CheckFifoParam
                0x08004b4c       0xf8 ./Drivers/STM32F4xx_HAL_Driver/Src/stm32f4xx_hal_dma.o
 .text.HAL_GPIO_Init
                0x08004c44      0x338 ./Drivers/STM32F4xx_HAL_Driver/Src/stm32f4xx_hal_gpio.o
                0x08004c44                HAL_GPIO_Init
 .text.HAL_GPIO_WritePin
                0x08004f7c       0x32 ./Drivers/STM32F4xx_HAL_Driver/Src/stm32f4xx_hal_gpio.o
                0x08004f7c                HAL_GPIO_WritePin
 *fill*         0x08004fae        0x2 
 .text.HAL_GPIO_EXTI_IRQHandler
                0x08004fb0       0x30 ./Drivers/STM32F4xx_HAL_Driver/Src/stm32f4xx_hal_gpio.o
                0x08004fb0                HAL_GPIO_EXTI_IRQHandler
 .text.HAL_GPIO_EXTI_Callback
                0x08004fe0       0x16 ./Drivers/STM32F4xx_HAL_Driver/Src/stm32f4xx_hal_gpio.o
                0x08004fe0                HAL_GPIO_EXTI_Callback
 *fill*         0x08004ff6        0x2 
 .text.HAL_I2C_Init
                0x08004ff8      0x288 ./Drivers/STM32F4xx_HAL_Driver/Src/stm32f4xx_hal_i2c.o
                0x08004ff8                HAL_I2C_Init
 .text.I2C_Flush_DR
                0x08005280       0x2a ./Drivers/STM32F4xx_HAL_Driver/Src/stm32f4xx_hal_i2c.o
 .text.HAL_I2C_EV_IRQHandler
                0x080052aa      0x2e2 ./Drivers/STM32F4xx_HAL_Driver/Src/stm32f4xx_hal_i2c.o
                0x080052aa                HAL_I2C_EV_IRQHandler
 .text.HAL_I2C_ER_IRQHandler
                0x0800558c      0x14e ./Drivers/STM32F4xx_HAL_Driver/Src/stm32f4xx_hal_i2c.o
                0x0800558c                HAL_I2C_ER_IRQHandler
 .text.HAL_I2C_MasterTxCpltCallback
                0x080056da       0x14 ./Drivers/STM32F4xx_HAL_Driver/Src/stm32f4xx_hal_i2c.o
                0x080056da                HAL_I2C_MasterTxCpltCallback
 .text.HAL_I2C_MasterRxCpltCallback
                0x080056ee       0x14 ./Drivers/STM32F4xx_HAL_Driver/Src/stm32f4xx_hal_i2c.o
                0x080056ee                HAL_I2C_MasterRxCpltCallback
 .text.HAL_I2C_SlaveTxCpltCallback
                0x08005702       0x14 ./Drivers/STM32F4xx_HAL_Driver/Src/stm32f4xx_hal_i2c.o
                0x08005702                HAL_I2C_SlaveTxCpltCallback
 .text.HAL_I2C_SlaveRxCpltCallback
                0x08005716       0x14 ./Drivers/STM32F4xx_HAL_Driver/Src/stm32f4xx_hal_i2c.o
                0x08005716                HAL_I2C_SlaveRxCpltCallback
 .text.HAL_I2C_AddrCallback
                0x0800572a       0x1c ./Drivers/STM32F4xx_HAL_Driver/Src/stm32f4xx_hal_i2c.o
                0x0800572a                HAL_I2C_AddrCallback
 .text.HAL_I2C_ListenCpltCallback
                0x08005746       0x14 ./Drivers/STM32F4xx_HAL_Driver/Src/stm32f4xx_hal_i2c.o
                0x08005746                HAL_I2C_ListenCpltCallback
 .text.HAL_I2C_MemTxCpltCallback
                0x0800575a       0x14 ./Drivers/STM32F4xx_HAL_Driver/Src/stm32f4xx_hal_i2c.o
                0x0800575a                HAL_I2C_MemTxCpltCallback
 .text.HAL_I2C_MemRxCpltCallback
                0x0800576e       0x14 ./Drivers/STM32F4xx_HAL_Driver/Src/stm32f4xx_hal_i2c.o
                0x0800576e                HAL_I2C_MemRxCpltCallback
 .text.HAL_I2C_ErrorCallback
                0x08005782       0x14 ./Drivers/STM32F4xx_HAL_Driver/Src/stm32f4xx_hal_i2c.o
                0x08005782                HAL_I2C_ErrorCallback
 .text.HAL_I2C_AbortCpltCallback
                0x08005796       0x14 ./Drivers/STM32F4xx_HAL_Driver/Src/stm32f4xx_hal_i2c.o
                0x08005796                HAL_I2C_AbortCpltCallback
 .text.I2C_MasterTransmit_TXE
                0x080057aa      0x138 ./Drivers/STM32F4xx_HAL_Driver/Src/stm32f4xx_hal_i2c.o
 .text.I2C_MasterTransmit_BTF
                0x080058e2       0xec ./Drivers/STM32F4xx_HAL_Driver/Src/stm32f4xx_hal_i2c.o
 .text.I2C_MemoryTransmit_TXE_BTF
                0x080059ce      0x130 ./Drivers/STM32F4xx_HAL_Driver/Src/stm32f4xx_hal_i2c.o
 .text.I2C_MasterReceive_RXNE
                0x08005afe      0x190 ./Drivers/STM32F4xx_HAL_Driver/Src/stm32f4xx_hal_i2c.o
 .text.I2C_MasterReceive_BTF
                0x08005c8e      0x1e2 ./Drivers/STM32F4xx_HAL_Driver/Src/stm32f4xx_hal_i2c.o
 .text.I2C_Master_SB
                0x08005e70      0x10c ./Drivers/STM32F4xx_HAL_Driver/Src/stm32f4xx_hal_i2c.o
 .text.I2C_Master_ADD10
                0x08005f7c       0x54 ./Drivers/STM32F4xx_HAL_Driver/Src/stm32f4xx_hal_i2c.o
 .text.I2C_Master_ADDR
                0x08005fd0      0x322 ./Drivers/STM32F4xx_HAL_Driver/Src/stm32f4xx_hal_i2c.o
 .text.I2C_SlaveTransmit_TXE
                0x080062f2       0x7a ./Drivers/STM32F4xx_HAL_Driver/Src/stm32f4xx_hal_i2c.o
 .text.I2C_SlaveTransmit_BTF
                0x0800636c       0x42 ./Drivers/STM32F4xx_HAL_Driver/Src/stm32f4xx_hal_i2c.o
 .text.I2C_SlaveReceive_RXNE
                0x080063ae       0x7c ./Drivers/STM32F4xx_HAL_Driver/Src/stm32f4xx_hal_i2c.o
 .text.I2C_SlaveReceive_BTF
                0x0800642a       0x44 ./Drivers/STM32F4xx_HAL_Driver/Src/stm32f4xx_hal_i2c.o
 .text.I2C_Slave_ADDR
                0x0800646e       0x94 ./Drivers/STM32F4xx_HAL_Driver/Src/stm32f4xx_hal_i2c.o
 *fill*         0x08006502        0x2 
 .text.I2C_Slave_STOPF
                0x08006504      0x260 ./Drivers/STM32F4xx_HAL_Driver/Src/stm32f4xx_hal_i2c.o
 .text.I2C_Slave_AF
                0x08006764       0xe8 ./Drivers/STM32F4xx_HAL_Driver/Src/stm32f4xx_hal_i2c.o
 .text.I2C_ITError
                0x0800684c      0x264 ./Drivers/STM32F4xx_HAL_Driver/Src/stm32f4xx_hal_i2c.o
 .text.I2C_DMAAbort
                0x08006ab0      0x150 ./Drivers/STM32F4xx_HAL_Driver/Src/stm32f4xx_hal_i2c.o
 .text.I2C_WaitOnSTOPRequestThroughIT
                0x08006c00       0x64 ./Drivers/STM32F4xx_HAL_Driver/Src/stm32f4xx_hal_i2c.o
 .text.I2C_ConvertOtherXferOptions
                0x08006c64       0x36 ./Drivers/STM32F4xx_HAL_Driver/Src/stm32f4xx_hal_i2c.o
 *fill*         0x08006c9a        0x2 
 .text.HAL_RCC_OscConfig
                0x08006c9c      0x4f0 ./Drivers/STM32F4xx_HAL_Driver/Src/stm32f4xx_hal_rcc.o
                0x08006c9c                HAL_RCC_OscConfig
 .text.HAL_RCC_ClockConfig
                0x0800718c      0x1cc ./Drivers/STM32F4xx_HAL_Driver/Src/stm32f4xx_hal_rcc.o
                0x0800718c                HAL_RCC_ClockConfig
 .text.HAL_RCC_GetSysClockFreq
                0x08007358      0x20c ./Drivers/STM32F4xx_HAL_Driver/Src/stm32f4xx_hal_rcc.o
                0x08007358                HAL_RCC_GetSysClockFreq
 .text.HAL_RCC_GetHCLKFreq
                0x08007564       0x18 ./Drivers/STM32F4xx_HAL_Driver/Src/stm32f4xx_hal_rcc.o
                0x08007564                HAL_RCC_GetHCLKFreq
 .text.HAL_RCC_GetPCLK1Freq
                0x0800757c       0x28 ./Drivers/STM32F4xx_HAL_Driver/Src/stm32f4xx_hal_rcc.o
                0x0800757c                HAL_RCC_GetPCLK1Freq
 .text.HAL_RCC_GetPCLK2Freq
                0x080075a4       0x28 ./Drivers/STM32F4xx_HAL_Driver/Src/stm32f4xx_hal_rcc.o
                0x080075a4                HAL_RCC_GetPCLK2Freq
 .text.HAL_SPI_Init
                0x080075cc      0x112 ./Drivers/STM32F4xx_HAL_Driver/Src/stm32f4xx_hal_spi.o
                0x080075cc                HAL_SPI_Init
 .text.HAL_SPI_TransmitReceive
                0x080076de      0x352 ./Drivers/STM32F4xx_HAL_Driver/Src/stm32f4xx_hal_spi.o
                0x080076de                HAL_SPI_TransmitReceive
 .text.HAL_SPI_IRQHandler
                0x08007a30      0x200 ./Drivers/STM32F4xx_HAL_Driver/Src/stm32f4xx_hal_spi.o
                0x08007a30                HAL_SPI_IRQHandler
 .text.HAL_SPI_ErrorCallback
                0x08007c30       0x14 ./Drivers/STM32F4xx_HAL_Driver/Src/stm32f4xx_hal_spi.o
                0x08007c30                HAL_SPI_ErrorCallback
 .text.SPI_DMAAbortOnError
                0x08007c44       0x28 ./Drivers/STM32F4xx_HAL_Driver/Src/stm32f4xx_hal_spi.o
 .text.SPI_WaitFlagStateUntilTimeout
                0x08007c6c      0x110 ./Drivers/STM32F4xx_HAL_Driver/Src/stm32f4xx_hal_spi.o
 .text.SPI_EndRxTxTransaction
                0x08007d7c       0xa8 ./Drivers/STM32F4xx_HAL_Driver/Src/stm32f4xx_hal_spi.o
 .text.HAL_TIM_Base_Init
                0x08007e24       0x9e ./Drivers/STM32F4xx_HAL_Driver/Src/stm32f4xx_hal_tim.o
                0x08007e24                HAL_TIM_Base_Init
 *fill*         0x08007ec2        0x2 
 .text.HAL_TIM_Base_Start
                0x08007ec4       0xd0 ./Drivers/STM32F4xx_HAL_Driver/Src/stm32f4xx_hal_tim.o
                0x08007ec4                HAL_TIM_Base_Start
 .text.HAL_TIM_Base_Stop
                0x08007f94       0x4e ./Drivers/STM32F4xx_HAL_Driver/Src/stm32f4xx_hal_tim.o
                0x08007f94                HAL_TIM_Base_Stop
 .text.HAL_TIM_OnePulse_Init
                0x08007fe2       0xa0 ./Drivers/STM32F4xx_HAL_Driver/Src/stm32f4xx_hal_tim.o
                0x08007fe2                HAL_TIM_OnePulse_Init
 .text.HAL_TIM_IRQHandler
                0x08008082      0x1e0 ./Drivers/STM32F4xx_HAL_Driver/Src/stm32f4xx_hal_tim.o
                0x08008082                HAL_TIM_IRQHandler
 .text.HAL_TIM_ConfigClockSource
                0x08008262      0x18e ./Drivers/STM32F4xx_HAL_Driver/Src/stm32f4xx_hal_tim.o
                0x08008262                HAL_TIM_ConfigClockSource
 .text.HAL_TIM_PeriodElapsedCallback
                0x080083f0       0x14 ./Drivers/STM32F4xx_HAL_Driver/Src/stm32f4xx_hal_tim.o
                0x080083f0                HAL_TIM_PeriodElapsedCallback
 .text.HAL_TIM_OC_DelayElapsedCallback
                0x08008404       0x14 ./Drivers/STM32F4xx_HAL_Driver/Src/stm32f4xx_hal_tim.o
                0x08008404                HAL_TIM_OC_DelayElapsedCallback
 .text.HAL_TIM_IC_CaptureCallback
                0x08008418       0x14 ./Drivers/STM32F4xx_HAL_Driver/Src/stm32f4xx_hal_tim.o
                0x08008418                HAL_TIM_IC_CaptureCallback
 .text.HAL_TIM_PWM_PulseFinishedCallback
                0x0800842c       0x14 ./Drivers/STM32F4xx_HAL_Driver/Src/stm32f4xx_hal_tim.o
                0x0800842c                HAL_TIM_PWM_PulseFinishedCallback
 .text.HAL_TIM_TriggerCallback
                0x08008440       0x14 ./Drivers/STM32F4xx_HAL_Driver/Src/stm32f4xx_hal_tim.o
                0x08008440                HAL_TIM_TriggerCallback
 .text.TIM_Base_SetConfig
                0x08008454      0x14c ./Drivers/STM32F4xx_HAL_Driver/Src/stm32f4xx_hal_tim.o
                0x08008454                TIM_Base_SetConfig
 .text.TIM_TI1_ConfigInputStage
                0x080085a0       0x5e ./Drivers/STM32F4xx_HAL_Driver/Src/stm32f4xx_hal_tim.o
 .text.TIM_TI2_ConfigInputStage
                0x080085fe       0x60 ./Drivers/STM32F4xx_HAL_Driver/Src/stm32f4xx_hal_tim.o
 .text.TIM_ITRx_SetConfig
                0x0800865e       0x36 ./Drivers/STM32F4xx_HAL_Driver/Src/stm32f4xx_hal_tim.o
 .text.TIM_ETR_SetConfig
                0x08008694       0x40 ./Drivers/STM32F4xx_HAL_Driver/Src/stm32f4xx_hal_tim.o
                0x08008694                TIM_ETR_SetConfig
 .text.HAL_TIMEx_MasterConfigSynchronization
                0x080086d4       0xf8 ./Drivers/STM32F4xx_HAL_Driver/Src/stm32f4xx_hal_tim_ex.o
                0x080086d4                HAL_TIMEx_MasterConfigSynchronization
 .text.HAL_TIMEx_CommutCallback
                0x080087cc       0x14 ./Drivers/STM32F4xx_HAL_Driver/Src/stm32f4xx_hal_tim_ex.o
                0x080087cc                HAL_TIMEx_CommutCallback
 .text.HAL_TIMEx_BreakCallback
                0x080087e0       0x14 ./Drivers/STM32F4xx_HAL_Driver/Src/stm32f4xx_hal_tim_ex.o
                0x080087e0                HAL_TIMEx_BreakCallback
 .text.HAL_UART_Init
                0x080087f4       0xa0 ./Drivers/STM32F4xx_HAL_Driver/Src/stm32f4xx_hal_uart.o
                0x080087f4                HAL_UART_Init
 .text.HAL_UART_Transmit
                0x08008894      0x116 ./Drivers/STM32F4xx_HAL_Driver/Src/stm32f4xx_hal_uart.o
                0x08008894                HAL_UART_Transmit
 .text.HAL_UART_Receive_IT
                0x080089aa       0x4a ./Drivers/STM32F4xx_HAL_Driver/Src/stm32f4xx_hal_uart.o
                0x080089aa                HAL_UART_Receive_IT
 .text.HAL_UART_IRQHandler
                0x080089f4      0x554 ./Drivers/STM32F4xx_HAL_Driver/Src/stm32f4xx_hal_uart.o
                0x080089f4                HAL_UART_IRQHandler
 .text.HAL_UART_TxCpltCallback
                0x08008f48       0x14 ./Drivers/STM32F4xx_HAL_Driver/Src/stm32f4xx_hal_uart.o
                0x08008f48                HAL_UART_TxCpltCallback
 .text.HAL_UART_ErrorCallback
                0x08008f5c       0x14 ./Drivers/STM32F4xx_HAL_Driver/Src/stm32f4xx_hal_uart.o
                0x08008f5c                HAL_UART_ErrorCallback
 .text.HAL_UARTEx_RxEventCallback
                0x08008f70       0x18 ./Drivers/STM32F4xx_HAL_Driver/Src/stm32f4xx_hal_uart.o
                0x08008f70                HAL_UARTEx_RxEventCallback
 .text.UART_WaitOnFlagUntilTimeout
                0x08008f88       0xb2 ./Drivers/STM32F4xx_HAL_Driver/Src/stm32f4xx_hal_uart.o
 .text.UART_Start_Receive_IT
                0x0800903a       0x74 ./Drivers/STM32F4xx_HAL_Driver/Src/stm32f4xx_hal_uart.o
                0x0800903a                UART_Start_Receive_IT
 .text.UART_EndRxTransfer
                0x080090ae       0xc6 ./Drivers/STM32F4xx_HAL_Driver/Src/stm32f4xx_hal_uart.o
 .text.UART_DMAAbortOnError
                0x08009174       0x22 ./Drivers/STM32F4xx_HAL_Driver/Src/stm32f4xx_hal_uart.o
 .text.UART_Transmit_IT
                0x08009196       0xa0 ./Drivers/STM32F4xx_HAL_Driver/Src/stm32f4xx_hal_uart.o
 .text.UART_EndTransmit_IT
                0x08009236       0x30 ./Drivers/STM32F4xx_HAL_Driver/Src/stm32f4xx_hal_uart.o
 .text.UART_Receive_IT
                0x08009266      0x17c ./Drivers/STM32F4xx_HAL_Driver/Src/stm32f4xx_hal_uart.o
 *fill*         0x080093e2        0x2 
 .text.UART_SetConfig
                0x080093e4      0x4e8 ./Drivers/STM32F4xx_HAL_Driver/Src/stm32f4xx_hal_uart.o
 .text.__cvt    0x080098cc       0xca D:/SOFTWARE/en.st-stm32cubeide_1.18.1_24813_20250409_2138_x86_64.exe/STM32CubeIDE_1.18.1/STM32CubeIDE/plugins/com.st.stm32cube.ide.mcu.externaltools.gnu-tools-for-stm32.13.3.rel1.win32_1.0.0.202411081344/tools/bin/../lib/gcc/arm-none-eabi/13.3.1/../../../../arm-none-eabi/lib/thumb/v7e-m+fp/hard\libc_nano.a(libc_a-nano-vfprintf_float.o)
                0x080098cc                __cvt
 .text.__exponent
                0x08009996       0x74 D:/SOFTWARE/en.st-stm32cubeide_1.18.1_24813_20250409_2138_x86_64.exe/STM32CubeIDE_1.18.1/STM32CubeIDE/plugins/com.st.stm32cube.ide.mcu.externaltools.gnu-tools-for-stm32.13.3.rel1.win32_1.0.0.202411081344/tools/bin/../lib/gcc/arm-none-eabi/13.3.1/../../../../arm-none-eabi/lib/thumb/v7e-m+fp/hard\libc_nano.a(libc_a-nano-vfprintf_float.o)
                0x08009996                __exponent
 *fill*         0x08009a0a        0x2 
 .text._printf_float
                0x08009a0c      0x454 D:/SOFTWARE/en.st-stm32cubeide_1.18.1_24813_20250409_2138_x86_64.exe/STM32CubeIDE_1.18.1/STM32CubeIDE/plugins/com.st.stm32cube.ide.mcu.externaltools.gnu-tools-for-stm32.13.3.rel1.win32_1.0.0.202411081344/tools/bin/../lib/gcc/arm-none-eabi/13.3.1/../../../../arm-none-eabi/lib/thumb/v7e-m+fp/hard\libc_nano.a(libc_a-nano-vfprintf_float.o)
                0x08009a0c                _printf_float
 .text._printf_common
                0x08009e60       0xda D:/SOFTWARE/en.st-stm32cubeide_1.18.1_24813_20250409_2138_x86_64.exe/STM32CubeIDE_1.18.1/STM32CubeIDE/plugins/com.st.stm32cube.ide.mcu.externaltools.gnu-tools-for-stm32.13.3.rel1.win32_1.0.0.202411081344/tools/bin/../lib/gcc/arm-none-eabi/13.3.1/../../../../arm-none-eabi/lib/thumb/v7e-m+fp/hard\libc_nano.a(libc_a-nano-vfprintf_i.o)
                0x08009e60                _printf_common
 *fill*         0x08009f3a        0x2 
 .text._printf_i
                0x08009f3c      0x23c D:/SOFTWARE/en.st-stm32cubeide_1.18.1_24813_20250409_2138_x86_64.exe/STM32CubeIDE_1.18.1/STM32CubeIDE/plugins/com.st.stm32cube.ide.mcu.externaltools.gnu-tools-for-stm32.13.3.rel1.win32_1.0.0.202411081344/tools/bin/../lib/gcc/arm-none-eabi/13.3.1/../../../../arm-none-eabi/lib/thumb/v7e-m+fp/hard\libc_nano.a(libc_a-nano-vfprintf_i.o)
                0x08009f3c                _printf_i
 .text.std      0x0800a178       0x6c D:/SOFTWARE/en.st-stm32cubeide_1.18.1_24813_20250409_2138_x86_64.exe/STM32CubeIDE_1.18.1/STM32CubeIDE/plugins/com.st.stm32cube.ide.mcu.externaltools.gnu-tools-for-stm32.13.3.rel1.win32_1.0.0.202411081344/tools/bin/../lib/gcc/arm-none-eabi/13.3.1/../../../../arm-none-eabi/lib/thumb/v7e-m+fp/hard\libc_nano.a(libc_a-findfp.o)
 .text.stdio_exit_handler
                0x0800a1e4       0x18 D:/SOFTWARE/en.st-stm32cubeide_1.18.1_24813_20250409_2138_x86_64.exe/STM32CubeIDE_1.18.1/STM32CubeIDE/plugins/com.st.stm32cube.ide.mcu.externaltools.gnu-tools-for-stm32.13.3.rel1.win32_1.0.0.202411081344/tools/bin/../lib/gcc/arm-none-eabi/13.3.1/../../../../arm-none-eabi/lib/thumb/v7e-m+fp/hard\libc_nano.a(libc_a-findfp.o)
 .text.cleanup_stdio
                0x0800a1fc       0x40 D:/SOFTWARE/en.st-stm32cubeide_1.18.1_24813_20250409_2138_x86_64.exe/STM32CubeIDE_1.18.1/STM32CubeIDE/plugins/com.st.stm32cube.ide.mcu.externaltools.gnu-tools-for-stm32.13.3.rel1.win32_1.0.0.202411081344/tools/bin/../lib/gcc/arm-none-eabi/13.3.1/../../../../arm-none-eabi/lib/thumb/v7e-m+fp/hard\libc_nano.a(libc_a-findfp.o)
 .text.global_stdio_init.part.0
                0x0800a23c       0x3c D:/SOFTWARE/en.st-stm32cubeide_1.18.1_24813_20250409_2138_x86_64.exe/STM32CubeIDE_1.18.1/STM32CubeIDE/plugins/com.st.stm32cube.ide.mcu.externaltools.gnu-tools-for-stm32.13.3.rel1.win32_1.0.0.202411081344/tools/bin/../lib/gcc/arm-none-eabi/13.3.1/../../../../arm-none-eabi/lib/thumb/v7e-m+fp/hard\libc_nano.a(libc_a-findfp.o)
 .text.__sfp_lock_acquire
                0x0800a278        0xc D:/SOFTWARE/en.st-stm32cubeide_1.18.1_24813_20250409_2138_x86_64.exe/STM32CubeIDE_1.18.1/STM32CubeIDE/plugins/com.st.stm32cube.ide.mcu.externaltools.gnu-tools-for-stm32.13.3.rel1.win32_1.0.0.202411081344/tools/bin/../lib/gcc/arm-none-eabi/13.3.1/../../../../arm-none-eabi/lib/thumb/v7e-m+fp/hard\libc_nano.a(libc_a-findfp.o)
                0x0800a278                __sfp_lock_acquire
 .text.__sfp_lock_release
                0x0800a284        0xc D:/SOFTWARE/en.st-stm32cubeide_1.18.1_24813_20250409_2138_x86_64.exe/STM32CubeIDE_1.18.1/STM32CubeIDE/plugins/com.st.stm32cube.ide.mcu.externaltools.gnu-tools-for-stm32.13.3.rel1.win32_1.0.0.202411081344/tools/bin/../lib/gcc/arm-none-eabi/13.3.1/../../../../arm-none-eabi/lib/thumb/v7e-m+fp/hard\libc_nano.a(libc_a-findfp.o)
                0x0800a284                __sfp_lock_release
 .text.__sinit  0x0800a290       0x30 D:/SOFTWARE/en.st-stm32cubeide_1.18.1_24813_20250409_2138_x86_64.exe/STM32CubeIDE_1.18.1/STM32CubeIDE/plugins/com.st.stm32cube.ide.mcu.externaltools.gnu-tools-for-stm32.13.3.rel1.win32_1.0.0.202411081344/tools/bin/../lib/gcc/arm-none-eabi/13.3.1/../../../../arm-none-eabi/lib/thumb/v7e-m+fp/hard\libc_nano.a(libc_a-findfp.o)
                0x0800a290                __sinit
 .text._fwalk_sglue
                0x0800a2c0       0x3c D:/SOFTWARE/en.st-stm32cubeide_1.18.1_24813_20250409_2138_x86_64.exe/STM32CubeIDE_1.18.1/STM32CubeIDE/plugins/com.st.stm32cube.ide.mcu.externaltools.gnu-tools-for-stm32.13.3.rel1.win32_1.0.0.202411081344/tools/bin/../lib/gcc/arm-none-eabi/13.3.1/../../../../arm-none-eabi/lib/thumb/v7e-m+fp/hard\libc_nano.a(libc_a-fwalk.o)
                0x0800a2c0                _fwalk_sglue
 .text.snprintf
                0x0800a2fc       0x6c D:/SOFTWARE/en.st-stm32cubeide_1.18.1_24813_20250409_2138_x86_64.exe/STM32CubeIDE_1.18.1/STM32CubeIDE/plugins/com.st.stm32cube.ide.mcu.externaltools.gnu-tools-for-stm32.13.3.rel1.win32_1.0.0.202411081344/tools/bin/../lib/gcc/arm-none-eabi/13.3.1/../../../../arm-none-eabi/lib/thumb/v7e-m+fp/hard\libc_nano.a(libc_a-snprintf.o)
                0x0800a2fc                sniprintf
                0x0800a2fc                snprintf
 .text.__sread  0x0800a368       0x22 D:/SOFTWARE/en.st-stm32cubeide_1.18.1_24813_20250409_2138_x86_64.exe/STM32CubeIDE_1.18.1/STM32CubeIDE/plugins/com.st.stm32cube.ide.mcu.externaltools.gnu-tools-for-stm32.13.3.rel1.win32_1.0.0.202411081344/tools/bin/../lib/gcc/arm-none-eabi/13.3.1/../../../../arm-none-eabi/lib/thumb/v7e-m+fp/hard\libc_nano.a(libc_a-stdio.o)
                0x0800a368                __sread
 .text.__swrite
                0x0800a38a       0x38 D:/SOFTWARE/en.st-stm32cubeide_1.18.1_24813_20250409_2138_x86_64.exe/STM32CubeIDE_1.18.1/STM32CubeIDE/plugins/com.st.stm32cube.ide.mcu.externaltools.gnu-tools-for-stm32.13.3.rel1.win32_1.0.0.202411081344/tools/bin/../lib/gcc/arm-none-eabi/13.3.1/../../../../arm-none-eabi/lib/thumb/v7e-m+fp/hard\libc_nano.a(libc_a-stdio.o)
                0x0800a38a                __swrite
 .text.__sseek  0x0800a3c2       0x24 D:/SOFTWARE/en.st-stm32cubeide_1.18.1_24813_20250409_2138_x86_64.exe/STM32CubeIDE_1.18.1/STM32CubeIDE/plugins/com.st.stm32cube.ide.mcu.externaltools.gnu-tools-for-stm32.13.3.rel1.win32_1.0.0.202411081344/tools/bin/../lib/gcc/arm-none-eabi/13.3.1/../../../../arm-none-eabi/lib/thumb/v7e-m+fp/hard\libc_nano.a(libc_a-stdio.o)
                0x0800a3c2                __sseek
 .text.__sclose
                0x0800a3e6        0x8 D:/SOFTWARE/en.st-stm32cubeide_1.18.1_24813_20250409_2138_x86_64.exe/STM32CubeIDE_1.18.1/STM32CubeIDE/plugins/com.st.stm32cube.ide.mcu.externaltools.gnu-tools-for-stm32.13.3.rel1.win32_1.0.0.202411081344/tools/bin/../lib/gcc/arm-none-eabi/13.3.1/../../../../arm-none-eabi/lib/thumb/v7e-m+fp/hard\libc_nano.a(libc_a-stdio.o)
                0x0800a3e6                __sclose
 .text.__swbuf_r
                0x0800a3ee       0x7c D:/SOFTWARE/en.st-stm32cubeide_1.18.1_24813_20250409_2138_x86_64.exe/STM32CubeIDE_1.18.1/STM32CubeIDE/plugins/com.st.stm32cube.ide.mcu.externaltools.gnu-tools-for-stm32.13.3.rel1.win32_1.0.0.202411081344/tools/bin/../lib/gcc/arm-none-eabi/13.3.1/../../../../arm-none-eabi/lib/thumb/v7e-m+fp/hard\libc_nano.a(libc_a-wbuf.o)
                0x0800a3ee                __swbuf_r
 *fill*         0x0800a46a        0x2 
 .text.__swsetup_r
                0x0800a46c       0xac D:/SOFTWARE/en.st-stm32cubeide_1.18.1_24813_20250409_2138_x86_64.exe/STM32CubeIDE_1.18.1/STM32CubeIDE/plugins/com.st.stm32cube.ide.mcu.externaltools.gnu-tools-for-stm32.13.3.rel1.win32_1.0.0.202411081344/tools/bin/../lib/gcc/arm-none-eabi/13.3.1/../../../../arm-none-eabi/lib/thumb/v7e-m+fp/hard\libc_nano.a(libc_a-wsetup.o)
                0x0800a46c                __swsetup_r
 .text.memset   0x0800a518       0x10 D:/SOFTWARE/en.st-stm32cubeide_1.18.1_24813_20250409_2138_x86_64.exe/STM32CubeIDE_1.18.1/STM32CubeIDE/plugins/com.st.stm32cube.ide.mcu.externaltools.gnu-tools-for-stm32.13.3.rel1.win32_1.0.0.202411081344/tools/bin/../lib/gcc/arm-none-eabi/13.3.1/../../../../arm-none-eabi/lib/thumb/v7e-m+fp/hard\libc_nano.a(libc_a-memset.o)
                0x0800a518                memset
 .text._localeconv_r
                0x0800a528        0x8 D:/SOFTWARE/en.st-stm32cubeide_1.18.1_24813_20250409_2138_x86_64.exe/STM32CubeIDE_1.18.1/STM32CubeIDE/plugins/com.st.stm32cube.ide.mcu.externaltools.gnu-tools-for-stm32.13.3.rel1.win32_1.0.0.202411081344/tools/bin/../lib/gcc/arm-none-eabi/13.3.1/../../../../arm-none-eabi/lib/thumb/v7e-m+fp/hard\libc_nano.a(libc_a-localeconv.o)
                0x0800a528                _localeconv_r
 .text._close_r
                0x0800a530       0x20 D:/SOFTWARE/en.st-stm32cubeide_1.18.1_24813_20250409_2138_x86_64.exe/STM32CubeIDE_1.18.1/STM32CubeIDE/plugins/com.st.stm32cube.ide.mcu.externaltools.gnu-tools-for-stm32.13.3.rel1.win32_1.0.0.202411081344/tools/bin/../lib/gcc/arm-none-eabi/13.3.1/../../../../arm-none-eabi/lib/thumb/v7e-m+fp/hard\libc_nano.a(libc_a-closer.o)
                0x0800a530                _close_r
 .text._lseek_r
                0x0800a550       0x24 D:/SOFTWARE/en.st-stm32cubeide_1.18.1_24813_20250409_2138_x86_64.exe/STM32CubeIDE_1.18.1/STM32CubeIDE/plugins/com.st.stm32cube.ide.mcu.externaltools.gnu-tools-for-stm32.13.3.rel1.win32_1.0.0.202411081344/tools/bin/../lib/gcc/arm-none-eabi/13.3.1/../../../../arm-none-eabi/lib/thumb/v7e-m+fp/hard\libc_nano.a(libc_a-lseekr.o)
                0x0800a550                _lseek_r
 .text._read_r  0x0800a574       0x24 D:/SOFTWARE/en.st-stm32cubeide_1.18.1_24813_20250409_2138_x86_64.exe/STM32CubeIDE_1.18.1/STM32CubeIDE/plugins/com.st.stm32cube.ide.mcu.externaltools.gnu-tools-for-stm32.13.3.rel1.win32_1.0.0.202411081344/tools/bin/../lib/gcc/arm-none-eabi/13.3.1/../../../../arm-none-eabi/lib/thumb/v7e-m+fp/hard\libc_nano.a(libc_a-readr.o)
                0x0800a574                _read_r
 .text._write_r
                0x0800a598       0x24 D:/SOFTWARE/en.st-stm32cubeide_1.18.1_24813_20250409_2138_x86_64.exe/STM32CubeIDE_1.18.1/STM32CubeIDE/plugins/com.st.stm32cube.ide.mcu.externaltools.gnu-tools-for-stm32.13.3.rel1.win32_1.0.0.202411081344/tools/bin/../lib/gcc/arm-none-eabi/13.3.1/../../../../arm-none-eabi/lib/thumb/v7e-m+fp/hard\libc_nano.a(libc_a-writer.o)
                0x0800a598                _write_r
 .text.__errno  0x0800a5bc        0xc D:/SOFTWARE/en.st-stm32cubeide_1.18.1_24813_20250409_2138_x86_64.exe/STM32CubeIDE_1.18.1/STM32CubeIDE/plugins/com.st.stm32cube.ide.mcu.externaltools.gnu-tools-for-stm32.13.3.rel1.win32_1.0.0.202411081344/tools/bin/../lib/gcc/arm-none-eabi/13.3.1/../../../../arm-none-eabi/lib/thumb/v7e-m+fp/hard\libc_nano.a(libc_a-errno.o)
                0x0800a5bc                __errno
 .text.__libc_init_array
                0x0800a5c8       0x48 D:/SOFTWARE/en.st-stm32cubeide_1.18.1_24813_20250409_2138_x86_64.exe/STM32CubeIDE_1.18.1/STM32CubeIDE/plugins/com.st.stm32cube.ide.mcu.externaltools.gnu-tools-for-stm32.13.3.rel1.win32_1.0.0.202411081344/tools/bin/../lib/gcc/arm-none-eabi/13.3.1/../../../../arm-none-eabi/lib/thumb/v7e-m+fp/hard\libc_nano.a(libc_a-init.o)
                0x0800a5c8                __libc_init_array
 .text.__retarget_lock_init_recursive
                0x0800a610        0x2 D:/SOFTWARE/en.st-stm32cubeide_1.18.1_24813_20250409_2138_x86_64.exe/STM32CubeIDE_1.18.1/STM32CubeIDE/plugins/com.st.stm32cube.ide.mcu.externaltools.gnu-tools-for-stm32.13.3.rel1.win32_1.0.0.202411081344/tools/bin/../lib/gcc/arm-none-eabi/13.3.1/../../../../arm-none-eabi/lib/thumb/v7e-m+fp/hard\libc_nano.a(libc_a-lock.o)
                0x0800a610                __retarget_lock_init_recursive
 .text.__retarget_lock_acquire_recursive
                0x0800a612        0x2 D:/SOFTWARE/en.st-stm32cubeide_1.18.1_24813_20250409_2138_x86_64.exe/STM32CubeIDE_1.18.1/STM32CubeIDE/plugins/com.st.stm32cube.ide.mcu.externaltools.gnu-tools-for-stm32.13.3.rel1.win32_1.0.0.202411081344/tools/bin/../lib/gcc/arm-none-eabi/13.3.1/../../../../arm-none-eabi/lib/thumb/v7e-m+fp/hard\libc_nano.a(libc_a-lock.o)
                0x0800a612                __retarget_lock_acquire_recursive
 .text.__retarget_lock_release_recursive
                0x0800a614        0x2 D:/SOFTWARE/en.st-stm32cubeide_1.18.1_24813_20250409_2138_x86_64.exe/STM32CubeIDE_1.18.1/STM32CubeIDE/plugins/com.st.stm32cube.ide.mcu.externaltools.gnu-tools-for-stm32.13.3.rel1.win32_1.0.0.202411081344/tools/bin/../lib/gcc/arm-none-eabi/13.3.1/../../../../arm-none-eabi/lib/thumb/v7e-m+fp/hard\libc_nano.a(libc_a-lock.o)
                0x0800a614                __retarget_lock_release_recursive
 .text.quorem   0x0800a616      0x110 D:/SOFTWARE/en.st-stm32cubeide_1.18.1_24813_20250409_2138_x86_64.exe/STM32CubeIDE_1.18.1/STM32CubeIDE/plugins/com.st.stm32cube.ide.mcu.externaltools.gnu-tools-for-stm32.13.3.rel1.win32_1.0.0.202411081344/tools/bin/../lib/gcc/arm-none-eabi/13.3.1/../../../../arm-none-eabi/lib/thumb/v7e-m+fp/hard\libc_nano.a(libc_a-dtoa.o)
 *fill*         0x0800a726        0x2 
 .text._dtoa_r  0x0800a728      0xba0 D:/SOFTWARE/en.st-stm32cubeide_1.18.1_24813_20250409_2138_x86_64.exe/STM32CubeIDE_1.18.1/STM32CubeIDE/plugins/com.st.stm32cube.ide.mcu.externaltools.gnu-tools-for-stm32.13.3.rel1.win32_1.0.0.202411081344/tools/bin/../lib/gcc/arm-none-eabi/13.3.1/../../../../arm-none-eabi/lib/thumb/v7e-m+fp/hard\libc_nano.a(libc_a-dtoa.o)
                0x0800a728                _dtoa_r
 .text._free_r  0x0800b2c8       0x94 D:/SOFTWARE/en.st-stm32cubeide_1.18.1_24813_20250409_2138_x86_64.exe/STM32CubeIDE_1.18.1/STM32CubeIDE/plugins/com.st.stm32cube.ide.mcu.externaltools.gnu-tools-for-stm32.13.3.rel1.win32_1.0.0.202411081344/tools/bin/../lib/gcc/arm-none-eabi/13.3.1/../../../../arm-none-eabi/lib/thumb/v7e-m+fp/hard\libc_nano.a(libc_a-freer.o)
                0x0800b2c8                _free_r
 .text.malloc   0x0800b35c       0x10 D:/SOFTWARE/en.st-stm32cubeide_1.18.1_24813_20250409_2138_x86_64.exe/STM32CubeIDE_1.18.1/STM32CubeIDE/plugins/com.st.stm32cube.ide.mcu.externaltools.gnu-tools-for-stm32.13.3.rel1.win32_1.0.0.202411081344/tools/bin/../lib/gcc/arm-none-eabi/13.3.1/../../../../arm-none-eabi/lib/thumb/v7e-m+fp/hard\libc_nano.a(libc_a-malloc.o)
                0x0800b35c                malloc
 .text.sbrk_aligned
                0x0800b36c       0x44 D:/SOFTWARE/en.st-stm32cubeide_1.18.1_24813_20250409_2138_x86_64.exe/STM32CubeIDE_1.18.1/STM32CubeIDE/plugins/com.st.stm32cube.ide.mcu.externaltools.gnu-tools-for-stm32.13.3.rel1.win32_1.0.0.202411081344/tools/bin/../lib/gcc/arm-none-eabi/13.3.1/../../../../arm-none-eabi/lib/thumb/v7e-m+fp/hard\libc_nano.a(libc_a-mallocr.o)
 .text._malloc_r
                0x0800b3b0      0x100 D:/SOFTWARE/en.st-stm32cubeide_1.18.1_24813_20250409_2138_x86_64.exe/STM32CubeIDE_1.18.1/STM32CubeIDE/plugins/com.st.stm32cube.ide.mcu.externaltools.gnu-tools-for-stm32.13.3.rel1.win32_1.0.0.202411081344/tools/bin/../lib/gcc/arm-none-eabi/13.3.1/../../../../arm-none-eabi/lib/thumb/v7e-m+fp/hard\libc_nano.a(libc_a-mallocr.o)
                0x0800b3b0                _malloc_r
 .text.__malloc_lock
                0x0800b4b0        0xc D:/SOFTWARE/en.st-stm32cubeide_1.18.1_24813_20250409_2138_x86_64.exe/STM32CubeIDE_1.18.1/STM32CubeIDE/plugins/com.st.stm32cube.ide.mcu.externaltools.gnu-tools-for-stm32.13.3.rel1.win32_1.0.0.202411081344/tools/bin/../lib/gcc/arm-none-eabi/13.3.1/../../../../arm-none-eabi/lib/thumb/v7e-m+fp/hard\libc_nano.a(libc_a-mlock.o)
                0x0800b4b0                __malloc_lock
 .text.__malloc_unlock
                0x0800b4bc        0xc D:/SOFTWARE/en.st-stm32cubeide_1.18.1_24813_20250409_2138_x86_64.exe/STM32CubeIDE_1.18.1/STM32CubeIDE/plugins/com.st.stm32cube.ide.mcu.externaltools.gnu-tools-for-stm32.13.3.rel1.win32_1.0.0.202411081344/tools/bin/../lib/gcc/arm-none-eabi/13.3.1/../../../../arm-none-eabi/lib/thumb/v7e-m+fp/hard\libc_nano.a(libc_a-mlock.o)
                0x0800b4bc                __malloc_unlock
 .text._Balloc  0x0800b4c8       0x80 D:/SOFTWARE/en.st-stm32cubeide_1.18.1_24813_20250409_2138_x86_64.exe/STM32CubeIDE_1.18.1/STM32CubeIDE/plugins/com.st.stm32cube.ide.mcu.externaltools.gnu-tools-for-stm32.13.3.rel1.win32_1.0.0.202411081344/tools/bin/../lib/gcc/arm-none-eabi/13.3.1/../../../../arm-none-eabi/lib/thumb/v7e-m+fp/hard\libc_nano.a(libc_a-mprec.o)
                0x0800b4c8                _Balloc
 .text._Bfree   0x0800b548       0x44 D:/SOFTWARE/en.st-stm32cubeide_1.18.1_24813_20250409_2138_x86_64.exe/STM32CubeIDE_1.18.1/STM32CubeIDE/plugins/com.st.stm32cube.ide.mcu.externaltools.gnu-tools-for-stm32.13.3.rel1.win32_1.0.0.202411081344/tools/bin/../lib/gcc/arm-none-eabi/13.3.1/../../../../arm-none-eabi/lib/thumb/v7e-m+fp/hard\libc_nano.a(libc_a-mprec.o)
                0x0800b548                _Bfree
 .text.__multadd
                0x0800b58c       0x8c D:/SOFTWARE/en.st-stm32cubeide_1.18.1_24813_20250409_2138_x86_64.exe/STM32CubeIDE_1.18.1/STM32CubeIDE/plugins/com.st.stm32cube.ide.mcu.externaltools.gnu-tools-for-stm32.13.3.rel1.win32_1.0.0.202411081344/tools/bin/../lib/gcc/arm-none-eabi/13.3.1/../../../../arm-none-eabi/lib/thumb/v7e-m+fp/hard\libc_nano.a(libc_a-mprec.o)
                0x0800b58c                __multadd
 .text.__hi0bits
                0x0800b618       0x3e D:/SOFTWARE/en.st-stm32cubeide_1.18.1_24813_20250409_2138_x86_64.exe/STM32CubeIDE_1.18.1/STM32CubeIDE/plugins/com.st.stm32cube.ide.mcu.externaltools.gnu-tools-for-stm32.13.3.rel1.win32_1.0.0.202411081344/tools/bin/../lib/gcc/arm-none-eabi/13.3.1/../../../../arm-none-eabi/lib/thumb/v7e-m+fp/hard\libc_nano.a(libc_a-mprec.o)
                0x0800b618                __hi0bits
 .text.__lo0bits
                0x0800b656       0x5a D:/SOFTWARE/en.st-stm32cubeide_1.18.1_24813_20250409_2138_x86_64.exe/STM32CubeIDE_1.18.1/STM32CubeIDE/plugins/com.st.stm32cube.ide.mcu.externaltools.gnu-tools-for-stm32.13.3.rel1.win32_1.0.0.202411081344/tools/bin/../lib/gcc/arm-none-eabi/13.3.1/../../../../arm-none-eabi/lib/thumb/v7e-m+fp/hard\libc_nano.a(libc_a-mprec.o)
                0x0800b656                __lo0bits
 .text.__i2b    0x0800b6b0       0x2c D:/SOFTWARE/en.st-stm32cubeide_1.18.1_24813_20250409_2138_x86_64.exe/STM32CubeIDE_1.18.1/STM32CubeIDE/plugins/com.st.stm32cube.ide.mcu.externaltools.gnu-tools-for-stm32.13.3.rel1.win32_1.0.0.202411081344/tools/bin/../lib/gcc/arm-none-eabi/13.3.1/../../../../arm-none-eabi/lib/thumb/v7e-m+fp/hard\libc_nano.a(libc_a-mprec.o)
                0x0800b6b0                __i2b
 .text.__multiply
                0x0800b6dc      0x144 D:/SOFTWARE/en.st-stm32cubeide_1.18.1_24813_20250409_2138_x86_64.exe/STM32CubeIDE_1.18.1/STM32CubeIDE/plugins/com.st.stm32cube.ide.mcu.externaltools.gnu-tools-for-stm32.13.3.rel1.win32_1.0.0.202411081344/tools/bin/../lib/gcc/arm-none-eabi/13.3.1/../../../../arm-none-eabi/lib/thumb/v7e-m+fp/hard\libc_nano.a(libc_a-mprec.o)
                0x0800b6dc                __multiply
 .text.__pow5mult
                0x0800b820       0xb4 D:/SOFTWARE/en.st-stm32cubeide_1.18.1_24813_20250409_2138_x86_64.exe/STM32CubeIDE_1.18.1/STM32CubeIDE/plugins/com.st.stm32cube.ide.mcu.externaltools.gnu-tools-for-stm32.13.3.rel1.win32_1.0.0.202411081344/tools/bin/../lib/gcc/arm-none-eabi/13.3.1/../../../../arm-none-eabi/lib/thumb/v7e-m+fp/hard\libc_nano.a(libc_a-mprec.o)
                0x0800b820                __pow5mult
 .text.__lshift
                0x0800b8d4       0xd8 D:/SOFTWARE/en.st-stm32cubeide_1.18.1_24813_20250409_2138_x86_64.exe/STM32CubeIDE_1.18.1/STM32CubeIDE/plugins/com.st.stm32cube.ide.mcu.externaltools.gnu-tools-for-stm32.13.3.rel1.win32_1.0.0.202411081344/tools/bin/../lib/gcc/arm-none-eabi/13.3.1/../../../../arm-none-eabi/lib/thumb/v7e-m+fp/hard\libc_nano.a(libc_a-mprec.o)
                0x0800b8d4                __lshift
 .text.__mcmp   0x0800b9ac       0x36 D:/SOFTWARE/en.st-stm32cubeide_1.18.1_24813_20250409_2138_x86_64.exe/STM32CubeIDE_1.18.1/STM32CubeIDE/plugins/com.st.stm32cube.ide.mcu.externaltools.gnu-tools-for-stm32.13.3.rel1.win32_1.0.0.202411081344/tools/bin/../lib/gcc/arm-none-eabi/13.3.1/../../../../arm-none-eabi/lib/thumb/v7e-m+fp/hard\libc_nano.a(libc_a-mprec.o)
                0x0800b9ac                __mcmp
 *fill*         0x0800b9e2        0x2 
 .text.__mdiff  0x0800b9e4      0x128 D:/SOFTWARE/en.st-stm32cubeide_1.18.1_24813_20250409_2138_x86_64.exe/STM32CubeIDE_1.18.1/STM32CubeIDE/plugins/com.st.stm32cube.ide.mcu.externaltools.gnu-tools-for-stm32.13.3.rel1.win32_1.0.0.202411081344/tools/bin/../lib/gcc/arm-none-eabi/13.3.1/../../../../arm-none-eabi/lib/thumb/v7e-m+fp/hard\libc_nano.a(libc_a-mprec.o)
                0x0800b9e4                __mdiff
 .text.__d2b    0x0800bb0c       0xb0 D:/SOFTWARE/en.st-stm32cubeide_1.18.1_24813_20250409_2138_x86_64.exe/STM32CubeIDE_1.18.1/STM32CubeIDE/plugins/com.st.stm32cube.ide.mcu.externaltools.gnu-tools-for-stm32.13.3.rel1.win32_1.0.0.202411081344/tools/bin/../lib/gcc/arm-none-eabi/13.3.1/../../../../arm-none-eabi/lib/thumb/v7e-m+fp/hard\libc_nano.a(libc_a-mprec.o)
                0x0800bb0c                __d2b
 .text.__ssputs_r
                0x0800bbbc       0xb6 D:/SOFTWARE/en.st-stm32cubeide_1.18.1_24813_20250409_2138_x86_64.exe/STM32CubeIDE_1.18.1/STM32CubeIDE/plugins/com.st.stm32cube.ide.mcu.externaltools.gnu-tools-for-stm32.13.3.rel1.win32_1.0.0.202411081344/tools/bin/../lib/gcc/arm-none-eabi/13.3.1/../../../../arm-none-eabi/lib/thumb/v7e-m+fp/hard\libc_nano.a(libc_a-nano-svfprintf.o)
                0x0800bbbc                __ssputs_r
 *fill*         0x0800bc72        0x2 
 .text._svfprintf_r
                0x0800bc74      0x1f8 D:/SOFTWARE/en.st-stm32cubeide_1.18.1_24813_20250409_2138_x86_64.exe/STM32CubeIDE_1.18.1/STM32CubeIDE/plugins/com.st.stm32cube.ide.mcu.externaltools.gnu-tools-for-stm32.13.3.rel1.win32_1.0.0.202411081344/tools/bin/../lib/gcc/arm-none-eabi/13.3.1/../../../../arm-none-eabi/lib/thumb/v7e-m+fp/hard\libc_nano.a(libc_a-nano-svfprintf.o)
                0x0800bc74                _svfiprintf_r
                0x0800bc74                _svfprintf_r
 .text.__sfputc_r
                0x0800be6c       0x2e D:/SOFTWARE/en.st-stm32cubeide_1.18.1_24813_20250409_2138_x86_64.exe/STM32CubeIDE_1.18.1/STM32CubeIDE/plugins/com.st.stm32cube.ide.mcu.externaltools.gnu-tools-for-stm32.13.3.rel1.win32_1.0.0.202411081344/tools/bin/../lib/gcc/arm-none-eabi/13.3.1/../../../../arm-none-eabi/lib/thumb/v7e-m+fp/hard\libc_nano.a(libc_a-nano-vfprintf.o)
 .text.__sfputs_r
                0x0800be9a       0x24 D:/SOFTWARE/en.st-stm32cubeide_1.18.1_24813_20250409_2138_x86_64.exe/STM32CubeIDE_1.18.1/STM32CubeIDE/plugins/com.st.stm32cube.ide.mcu.externaltools.gnu-tools-for-stm32.13.3.rel1.win32_1.0.0.202411081344/tools/bin/../lib/gcc/arm-none-eabi/13.3.1/../../../../arm-none-eabi/lib/thumb/v7e-m+fp/hard\libc_nano.a(libc_a-nano-vfprintf.o)
                0x0800be9a                __sfputs_r
 *fill*         0x0800bebe        0x2 
 .text._vfprintf_r
                0x0800bec0      0x230 D:/SOFTWARE/en.st-stm32cubeide_1.18.1_24813_20250409_2138_x86_64.exe/STM32CubeIDE_1.18.1/STM32CubeIDE/plugins/com.st.stm32cube.ide.mcu.externaltools.gnu-tools-for-stm32.13.3.rel1.win32_1.0.0.202411081344/tools/bin/../lib/gcc/arm-none-eabi/13.3.1/../../../../arm-none-eabi/lib/thumb/v7e-m+fp/hard\libc_nano.a(libc_a-nano-vfprintf.o)
                0x0800bec0                _vfprintf_r
                0x0800bec0                _vfiprintf_r
 .text.__sflush_r
                0x0800c0f0      0x108 D:/SOFTWARE/en.st-stm32cubeide_1.18.1_24813_20250409_2138_x86_64.exe/STM32CubeIDE_1.18.1/STM32CubeIDE/plugins/com.st.stm32cube.ide.mcu.externaltools.gnu-tools-for-stm32.13.3.rel1.win32_1.0.0.202411081344/tools/bin/../lib/gcc/arm-none-eabi/13.3.1/../../../../arm-none-eabi/lib/thumb/v7e-m+fp/hard\libc_nano.a(libc_a-fflush.o)
                0x0800c0f0                __sflush_r
 .text._fflush_r
                0x0800c1f8       0x50 D:/SOFTWARE/en.st-stm32cubeide_1.18.1_24813_20250409_2138_x86_64.exe/STM32CubeIDE_1.18.1/STM32CubeIDE/plugins/com.st.stm32cube.ide.mcu.externaltools.gnu-tools-for-stm32.13.3.rel1.win32_1.0.0.202411081344/tools/bin/../lib/gcc/arm-none-eabi/13.3.1/../../../../arm-none-eabi/lib/thumb/v7e-m+fp/hard\libc_nano.a(libc_a-fflush.o)
                0x0800c1f8                _fflush_r
 .text.__swhatbuf_r
                0x0800c248       0x4c D:/SOFTWARE/en.st-stm32cubeide_1.18.1_24813_20250409_2138_x86_64.exe/STM32CubeIDE_1.18.1/STM32CubeIDE/plugins/com.st.stm32cube.ide.mcu.externaltools.gnu-tools-for-stm32.13.3.rel1.win32_1.0.0.202411081344/tools/bin/../lib/gcc/arm-none-eabi/13.3.1/../../../../arm-none-eabi/lib/thumb/v7e-m+fp/hard\libc_nano.a(libc_a-makebuf.o)
                0x0800c248                __swhatbuf_r
 .text.__smakebuf_r
                0x0800c294       0x78 D:/SOFTWARE/en.st-stm32cubeide_1.18.1_24813_20250409_2138_x86_64.exe/STM32CubeIDE_1.18.1/STM32CubeIDE/plugins/com.st.stm32cube.ide.mcu.externaltools.gnu-tools-for-stm32.13.3.rel1.win32_1.0.0.202411081344/tools/bin/../lib/gcc/arm-none-eabi/13.3.1/../../../../arm-none-eabi/lib/thumb/v7e-m+fp/hard\libc_nano.a(libc_a-makebuf.o)
                0x0800c294                __smakebuf_r
 .text.memmove  0x0800c30c       0x34 D:/SOFTWARE/en.st-stm32cubeide_1.18.1_24813_20250409_2138_x86_64.exe/STM32CubeIDE_1.18.1/STM32CubeIDE/plugins/com.st.stm32cube.ide.mcu.externaltools.gnu-tools-for-stm32.13.3.rel1.win32_1.0.0.202411081344/tools/bin/../lib/gcc/arm-none-eabi/13.3.1/../../../../arm-none-eabi/lib/thumb/v7e-m+fp/hard\libc_nano.a(libc_a-memmove.o)
                0x0800c30c                memmove
 .text._fstat_r
                0x0800c340       0x24 D:/SOFTWARE/en.st-stm32cubeide_1.18.1_24813_20250409_2138_x86_64.exe/STM32CubeIDE_1.18.1/STM32CubeIDE/plugins/com.st.stm32cube.ide.mcu.externaltools.gnu-tools-for-stm32.13.3.rel1.win32_1.0.0.202411081344/tools/bin/../lib/gcc/arm-none-eabi/13.3.1/../../../../arm-none-eabi/lib/thumb/v7e-m+fp/hard\libc_nano.a(libc_a-fstatr.o)
                0x0800c340                _fstat_r
 .text._isatty_r
                0x0800c364       0x20 D:/SOFTWARE/en.st-stm32cubeide_1.18.1_24813_20250409_2138_x86_64.exe/STM32CubeIDE_1.18.1/STM32CubeIDE/plugins/com.st.stm32cube.ide.mcu.externaltools.gnu-tools-for-stm32.13.3.rel1.win32_1.0.0.202411081344/tools/bin/../lib/gcc/arm-none-eabi/13.3.1/../../../../arm-none-eabi/lib/thumb/v7e-m+fp/hard\libc_nano.a(libc_a-isattyr.o)
                0x0800c364                _isatty_r
 .text._sbrk_r  0x0800c384       0x20 D:/SOFTWARE/en.st-stm32cubeide_1.18.1_24813_20250409_2138_x86_64.exe/STM32CubeIDE_1.18.1/STM32CubeIDE/plugins/com.st.stm32cube.ide.mcu.externaltools.gnu-tools-for-stm32.13.3.rel1.win32_1.0.0.202411081344/tools/bin/../lib/gcc/arm-none-eabi/13.3.1/../../../../arm-none-eabi/lib/thumb/v7e-m+fp/hard\libc_nano.a(libc_a-sbrkr.o)
                0x0800c384                _sbrk_r
 .text.memcpy   0x0800c3a4       0x1c D:/SOFTWARE/en.st-stm32cubeide_1.18.1_24813_20250409_2138_x86_64.exe/STM32CubeIDE_1.18.1/STM32CubeIDE/plugins/com.st.stm32cube.ide.mcu.externaltools.gnu-tools-for-stm32.13.3.rel1.win32_1.0.0.202411081344/tools/bin/../lib/gcc/arm-none-eabi/13.3.1/../../../../arm-none-eabi/lib/thumb/v7e-m+fp/hard\libc_nano.a(libc_a-memcpy-stub.o)
                0x0800c3a4                memcpy
 .text.__assert_func
                0x0800c3c0       0x3c D:/SOFTWARE/en.st-stm32cubeide_1.18.1_24813_20250409_2138_x86_64.exe/STM32CubeIDE_1.18.1/STM32CubeIDE/plugins/com.st.stm32cube.ide.mcu.externaltools.gnu-tools-for-stm32.13.3.rel1.win32_1.0.0.202411081344/tools/bin/../lib/gcc/arm-none-eabi/13.3.1/../../../../arm-none-eabi/lib/thumb/v7e-m+fp/hard\libc_nano.a(libc_a-assert.o)
                0x0800c3c0                __assert_func
 .text._calloc_r
                0x0800c3fc       0x28 D:/SOFTWARE/en.st-stm32cubeide_1.18.1_24813_20250409_2138_x86_64.exe/STM32CubeIDE_1.18.1/STM32CubeIDE/plugins/com.st.stm32cube.ide.mcu.externaltools.gnu-tools-for-stm32.13.3.rel1.win32_1.0.0.202411081344/tools/bin/../lib/gcc/arm-none-eabi/13.3.1/../../../../arm-none-eabi/lib/thumb/v7e-m+fp/hard\libc_nano.a(libc_a-callocr.o)
                0x0800c3fc                _calloc_r
 .text.__ascii_mbtowc
                0x0800c424       0x24 D:/SOFTWARE/en.st-stm32cubeide_1.18.1_24813_20250409_2138_x86_64.exe/STM32CubeIDE_1.18.1/STM32CubeIDE/plugins/com.st.stm32cube.ide.mcu.externaltools.gnu-tools-for-stm32.13.3.rel1.win32_1.0.0.202411081344/tools/bin/../lib/gcc/arm-none-eabi/13.3.1/../../../../arm-none-eabi/lib/thumb/v7e-m+fp/hard\libc_nano.a(libc_a-mbtowc_r.o)
                0x0800c424                __ascii_mbtowc
 .text._realloc_r
                0x0800c448       0x5c D:/SOFTWARE/en.st-stm32cubeide_1.18.1_24813_20250409_2138_x86_64.exe/STM32CubeIDE_1.18.1/STM32CubeIDE/plugins/com.st.stm32cube.ide.mcu.externaltools.gnu-tools-for-stm32.13.3.rel1.win32_1.0.0.202411081344/tools/bin/../lib/gcc/arm-none-eabi/13.3.1/../../../../arm-none-eabi/lib/thumb/v7e-m+fp/hard\libc_nano.a(libc_a-reallocr.o)
                0x0800c448                _realloc_r
 .text.__ascii_wctomb
                0x0800c4a4       0x1a D:/SOFTWARE/en.st-stm32cubeide_1.18.1_24813_20250409_2138_x86_64.exe/STM32CubeIDE_1.18.1/STM32CubeIDE/plugins/com.st.stm32cube.ide.mcu.externaltools.gnu-tools-for-stm32.13.3.rel1.win32_1.0.0.202411081344/tools/bin/../lib/gcc/arm-none-eabi/13.3.1/../../../../arm-none-eabi/lib/thumb/v7e-m+fp/hard\libc_nano.a(libc_a-wctomb_r.o)
                0x0800c4a4                __ascii_wctomb
 *fill*         0x0800c4be        0x2 
 .text.fprintf  0x0800c4c0       0x24 D:/SOFTWARE/en.st-stm32cubeide_1.18.1_24813_20250409_2138_x86_64.exe/STM32CubeIDE_1.18.1/STM32CubeIDE/plugins/com.st.stm32cube.ide.mcu.externaltools.gnu-tools-for-stm32.13.3.rel1.win32_1.0.0.202411081344/tools/bin/../lib/gcc/arm-none-eabi/13.3.1/../../../../arm-none-eabi/lib/thumb/v7e-m+fp/hard\libc_nano.a(libc_a-fprintf.o)
                0x0800c4c0                fiprintf
                0x0800c4c0                fprintf
 .text.abort    0x0800c4e4        0xe D:/SOFTWARE/en.st-stm32cubeide_1.18.1_24813_20250409_2138_x86_64.exe/STM32CubeIDE_1.18.1/STM32CubeIDE/plugins/com.st.stm32cube.ide.mcu.externaltools.gnu-tools-for-stm32.13.3.rel1.win32_1.0.0.202411081344/tools/bin/../lib/gcc/arm-none-eabi/13.3.1/../../../../arm-none-eabi/lib/thumb/v7e-m+fp/hard\libc_nano.a(libc_a-abort.o)
                0x0800c4e4                abort
 .text._malloc_usable_size_r
                0x0800c4f2       0x10 D:/SOFTWARE/en.st-stm32cubeide_1.18.1_24813_20250409_2138_x86_64.exe/STM32CubeIDE_1.18.1/STM32CubeIDE/plugins/com.st.stm32cube.ide.mcu.externaltools.gnu-tools-for-stm32.13.3.rel1.win32_1.0.0.202411081344/tools/bin/../lib/gcc/arm-none-eabi/13.3.1/../../../../arm-none-eabi/lib/thumb/v7e-m+fp/hard\libc_nano.a(libc_a-msizer.o)
                0x0800c4f2                _malloc_usable_size_r
 .text._raise_r
                0x0800c502       0x50 D:/SOFTWARE/en.st-stm32cubeide_1.18.1_24813_20250409_2138_x86_64.exe/STM32CubeIDE_1.18.1/STM32CubeIDE/plugins/com.st.stm32cube.ide.mcu.externaltools.gnu-tools-for-stm32.13.3.rel1.win32_1.0.0.202411081344/tools/bin/../lib/gcc/arm-none-eabi/13.3.1/../../../../arm-none-eabi/lib/thumb/v7e-m+fp/hard\libc_nano.a(libc_a-signal.o)
                0x0800c502                _raise_r
 *fill*         0x0800c552        0x2 
 .text.raise    0x0800c554       0x10 D:/SOFTWARE/en.st-stm32cubeide_1.18.1_24813_20250409_2138_x86_64.exe/STM32CubeIDE_1.18.1/STM32CubeIDE/plugins/com.st.stm32cube.ide.mcu.externaltools.gnu-tools-for-stm32.13.3.rel1.win32_1.0.0.202411081344/tools/bin/../lib/gcc/arm-none-eabi/13.3.1/../../../../arm-none-eabi/lib/thumb/v7e-m+fp/hard\libc_nano.a(libc_a-signal.o)
                0x0800c554                raise
 .text._kill_r  0x0800c564       0x24 D:/SOFTWARE/en.st-stm32cubeide_1.18.1_24813_20250409_2138_x86_64.exe/STM32CubeIDE_1.18.1/STM32CubeIDE/plugins/com.st.stm32cube.ide.mcu.externaltools.gnu-tools-for-stm32.13.3.rel1.win32_1.0.0.202411081344/tools/bin/../lib/gcc/arm-none-eabi/13.3.1/../../../../arm-none-eabi/lib/thumb/v7e-m+fp/hard\libc_nano.a(libc_a-signalr.o)
                0x0800c564                _kill_r
 .text._getpid_r
                0x0800c588        0x4 D:/SOFTWARE/en.st-stm32cubeide_1.18.1_24813_20250409_2138_x86_64.exe/STM32CubeIDE_1.18.1/STM32CubeIDE/plugins/com.st.stm32cube.ide.mcu.externaltools.gnu-tools-for-stm32.13.3.rel1.win32_1.0.0.202411081344/tools/bin/../lib/gcc/arm-none-eabi/13.3.1/../../../../arm-none-eabi/lib/thumb/v7e-m+fp/hard\libc_nano.a(libc_a-signalr.o)
                0x0800c588                _getpid_r
 *(.glue_7)
 .glue_7        0x0800c58c        0x0 linker stubs
 *(.glue_7t)
 .glue_7t       0x0800c58c        0x0 linker stubs
 *(.eh_frame)
 .eh_frame      0x0800c58c        0x0 D:/SOFTWARE/en.st-stm32cubeide_1.18.1_24813_20250409_2138_x86_64.exe/STM32CubeIDE_1.18.1/STM32CubeIDE/plugins/com.st.stm32cube.ide.mcu.externaltools.gnu-tools-for-stm32.13.3.rel1.win32_1.0.0.202411081344/tools/bin/../lib/gcc/arm-none-eabi/13.3.1/thumb/v7e-m+fp/hard/crtbegin.o
 *(.init)
 .init          0x0800c58c        0x4 D:/SOFTWARE/en.st-stm32cubeide_1.18.1_24813_20250409_2138_x86_64.exe/STM32CubeIDE_1.18.1/STM32CubeIDE/plugins/com.st.stm32cube.ide.mcu.externaltools.gnu-tools-for-stm32.13.3.rel1.win32_1.0.0.202411081344/tools/bin/../lib/gcc/arm-none-eabi/13.3.1/thumb/v7e-m+fp/hard/crti.o
                0x0800c58c                _init
 .init          0x0800c590        0x8 D:/SOFTWARE/en.st-stm32cubeide_1.18.1_24813_20250409_2138_x86_64.exe/STM32CubeIDE_1.18.1/STM32CubeIDE/plugins/com.st.stm32cube.ide.mcu.externaltools.gnu-tools-for-stm32.13.3.rel1.win32_1.0.0.202411081344/tools/bin/../lib/gcc/arm-none-eabi/13.3.1/thumb/v7e-m+fp/hard/crtn.o
 *(.fini)
 .fini          0x0800c598        0x4 D:/SOFTWARE/en.st-stm32cubeide_1.18.1_24813_20250409_2138_x86_64.exe/STM32CubeIDE_1.18.1/STM32CubeIDE/plugins/com.st.stm32cube.ide.mcu.externaltools.gnu-tools-for-stm32.13.3.rel1.win32_1.0.0.202411081344/tools/bin/../lib/gcc/arm-none-eabi/13.3.1/thumb/v7e-m+fp/hard/crti.o
                0x0800c598                _fini
 .fini          0x0800c59c        0x8 D:/SOFTWARE/en.st-stm32cubeide_1.18.1_24813_20250409_2138_x86_64.exe/STM32CubeIDE_1.18.1/STM32CubeIDE/plugins/com.st.stm32cube.ide.mcu.externaltools.gnu-tools-for-stm32.13.3.rel1.win32_1.0.0.202411081344/tools/bin/../lib/gcc/arm-none-eabi/13.3.1/thumb/v7e-m+fp/hard/crtn.o
                0x0800c5a4                        . = ALIGN (0x4)
                0x0800c5a4                        _etext = .

.vfp11_veneer   0x0800c5a4        0x0
 .vfp11_veneer  0x0800c5a4        0x0 linker stubs

.v4_bx          0x0800c5a4        0x0
 .v4_bx         0x0800c5a4        0x0 linker stubs

.iplt           0x0800c5a4        0x0
 .iplt          0x0800c5a4        0x0 D:/SOFTWARE/en.st-stm32cubeide_1.18.1_24813_20250409_2138_x86_64.exe/STM32CubeIDE_1.18.1/STM32CubeIDE/plugins/com.st.stm32cube.ide.mcu.externaltools.gnu-tools-for-stm32.13.3.rel1.win32_1.0.0.202411081344/tools/bin/../lib/gcc/arm-none-eabi/13.3.1/thumb/v7e-m+fp/hard/crtbegin.o

.rodata         0x0800c5a8      0x8e4
                0x0800c5a8                        . = ALIGN (0x4)
 *(.rodata)
 .rodata        0x0800c5a8      0x549 ./Core/Src/main.o
 *(.rodata*)
 *fill*         0x0800caf1        0x3 
 .rodata.AHBPrescTable
                0x0800caf4       0x10 ./Core/Src/system_stm32f4xx.o
                0x0800caf4                AHBPrescTable
 .rodata.APBPrescTable
                0x0800cb04        0x8 ./Core/Src/system_stm32f4xx.o
                0x0800cb04                APBPrescTable
 .rodata.flagBitshiftOffset.0
                0x0800cb0c        0x8 ./Drivers/STM32F4xx_HAL_Driver/Src/stm32f4xx_hal_dma.o
 .rodata._printf_float.str1.1
                0x0800cb14      0x171 D:/SOFTWARE/en.st-stm32cubeide_1.18.1_24813_20250409_2138_x86_64.exe/STM32CubeIDE_1.18.1/STM32CubeIDE/plugins/com.st.stm32cube.ide.mcu.externaltools.gnu-tools-for-stm32.13.3.rel1.win32_1.0.0.202411081344/tools/bin/../lib/gcc/arm-none-eabi/13.3.1/../../../../arm-none-eabi/lib/thumb/v7e-m+fp/hard\libc_nano.a(libc_a-nano-vfprintf_float.o)
                                 0x12 (size before relaxing)
 .rodata._printf_i.str1.1
                0x0800cc85       0x22 D:/SOFTWARE/en.st-stm32cubeide_1.18.1_24813_20250409_2138_x86_64.exe/STM32CubeIDE_1.18.1/STM32CubeIDE/plugins/com.st.stm32cube.ide.mcu.externaltools.gnu-tools-for-stm32.13.3.rel1.win32_1.0.0.202411081344/tools/bin/../lib/gcc/arm-none-eabi/13.3.1/../../../../arm-none-eabi/lib/thumb/v7e-m+fp/hard\libc_nano.a(libc_a-nano-vfprintf_i.o)
 .rodata._dtoa_r.str1.1
                0x0800cc85       0x8f D:/SOFTWARE/en.st-stm32cubeide_1.18.1_24813_20250409_2138_x86_64.exe/STM32CubeIDE_1.18.1/STM32CubeIDE/plugins/com.st.stm32cube.ide.mcu.externaltools.gnu-tools-for-stm32.13.3.rel1.win32_1.0.0.202411081344/tools/bin/../lib/gcc/arm-none-eabi/13.3.1/../../../../arm-none-eabi/lib/thumb/v7e-m+fp/hard\libc_nano.a(libc_a-dtoa.o)
 .rodata._Balloc.str1.1
                0x0800cc85       0x70 D:/SOFTWARE/en.st-stm32cubeide_1.18.1_24813_20250409_2138_x86_64.exe/STM32CubeIDE_1.18.1/STM32CubeIDE/plugins/com.st.stm32cube.ide.mcu.externaltools.gnu-tools-for-stm32.13.3.rel1.win32_1.0.0.202411081344/tools/bin/../lib/gcc/arm-none-eabi/13.3.1/../../../../arm-none-eabi/lib/thumb/v7e-m+fp/hard\libc_nano.a(libc_a-mprec.o)
 .rodata.__multadd.str1.1
                0x0800cc85       0x11 D:/SOFTWARE/en.st-stm32cubeide_1.18.1_24813_20250409_2138_x86_64.exe/STM32CubeIDE_1.18.1/STM32CubeIDE/plugins/com.st.stm32cube.ide.mcu.externaltools.gnu-tools-for-stm32.13.3.rel1.win32_1.0.0.202411081344/tools/bin/../lib/gcc/arm-none-eabi/13.3.1/../../../../arm-none-eabi/lib/thumb/v7e-m+fp/hard\libc_nano.a(libc_a-mprec.o)
 *fill*         0x0800cc85        0x3 
 .rodata.p05.0  0x0800cc88        0xc D:/SOFTWARE/en.st-stm32cubeide_1.18.1_24813_20250409_2138_x86_64.exe/STM32CubeIDE_1.18.1/STM32CubeIDE/plugins/com.st.stm32cube.ide.mcu.externaltools.gnu-tools-for-stm32.13.3.rel1.win32_1.0.0.202411081344/tools/bin/../lib/gcc/arm-none-eabi/13.3.1/../../../../arm-none-eabi/lib/thumb/v7e-m+fp/hard\libc_nano.a(libc_a-mprec.o)
 *fill*         0x0800cc94        0x4 
 .rodata.__mprec_bigtens
                0x0800cc98       0x28 D:/SOFTWARE/en.st-stm32cubeide_1.18.1_24813_20250409_2138_x86_64.exe/STM32CubeIDE_1.18.1/STM32CubeIDE/plugins/com.st.stm32cube.ide.mcu.externaltools.gnu-tools-for-stm32.13.3.rel1.win32_1.0.0.202411081344/tools/bin/../lib/gcc/arm-none-eabi/13.3.1/../../../../arm-none-eabi/lib/thumb/v7e-m+fp/hard\libc_nano.a(libc_a-mprec.o)
                0x0800cc98                __mprec_bigtens
 .rodata.__mprec_tens
                0x0800ccc0       0xc8 D:/SOFTWARE/en.st-stm32cubeide_1.18.1_24813_20250409_2138_x86_64.exe/STM32CubeIDE_1.18.1/STM32CubeIDE/plugins/com.st.stm32cube.ide.mcu.externaltools.gnu-tools-for-stm32.13.3.rel1.win32_1.0.0.202411081344/tools/bin/../lib/gcc/arm-none-eabi/13.3.1/../../../../arm-none-eabi/lib/thumb/v7e-m+fp/hard\libc_nano.a(libc_a-mprec.o)
                0x0800ccc0                __mprec_tens
 .rodata._svfprintf_r.str1.1
                0x0800cd88       0x11 D:/SOFTWARE/en.st-stm32cubeide_1.18.1_24813_20250409_2138_x86_64.exe/STM32CubeIDE_1.18.1/STM32CubeIDE/plugins/com.st.stm32cube.ide.mcu.externaltools.gnu-tools-for-stm32.13.3.rel1.win32_1.0.0.202411081344/tools/bin/../lib/gcc/arm-none-eabi/13.3.1/../../../../arm-none-eabi/lib/thumb/v7e-m+fp/hard\libc_nano.a(libc_a-nano-svfprintf.o)
 .rodata._vfprintf_r.str1.1
                0x0800cd88       0x11 D:/SOFTWARE/en.st-stm32cubeide_1.18.1_24813_20250409_2138_x86_64.exe/STM32CubeIDE_1.18.1/STM32CubeIDE/plugins/com.st.stm32cube.ide.mcu.externaltools.gnu-tools-for-stm32.13.3.rel1.win32_1.0.0.202411081344/tools/bin/../lib/gcc/arm-none-eabi/13.3.1/../../../../arm-none-eabi/lib/thumb/v7e-m+fp/hard\libc_nano.a(libc_a-nano-vfprintf.o)
 .rodata._setlocale_r.str1.1
                0x0800cd88        0x9 D:/SOFTWARE/en.st-stm32cubeide_1.18.1_24813_20250409_2138_x86_64.exe/STM32CubeIDE_1.18.1/STM32CubeIDE/plugins/com.st.stm32cube.ide.mcu.externaltools.gnu-tools-for-stm32.13.3.rel1.win32_1.0.0.202411081344/tools/bin/../lib/gcc/arm-none-eabi/13.3.1/../../../../arm-none-eabi/lib/thumb/v7e-m+fp/hard\libc_nano.a(libc_a-locale.o)
 .rodata.str1.1
                0x0800cd88        0x2 D:/SOFTWARE/en.st-stm32cubeide_1.18.1_24813_20250409_2138_x86_64.exe/STM32CubeIDE_1.18.1/STM32CubeIDE/plugins/com.st.stm32cube.ide.mcu.externaltools.gnu-tools-for-stm32.13.3.rel1.win32_1.0.0.202411081344/tools/bin/../lib/gcc/arm-none-eabi/13.3.1/../../../../arm-none-eabi/lib/thumb/v7e-m+fp/hard\libc_nano.a(libc_a-locale.o)
 .rodata.__assert_func.str1.1
                0x0800cd88       0x3d D:/SOFTWARE/en.st-stm32cubeide_1.18.1_24813_20250409_2138_x86_64.exe/STM32CubeIDE_1.18.1/STM32CubeIDE/plugins/com.st.stm32cube.ide.mcu.externaltools.gnu-tools-for-stm32.13.3.rel1.win32_1.0.0.202411081344/tools/bin/../lib/gcc/arm-none-eabi/13.3.1/../../../../arm-none-eabi/lib/thumb/v7e-m+fp/hard\libc_nano.a(libc_a-assert.o)
 .rodata._ctype_
                0x0800cd88      0x101 D:/SOFTWARE/en.st-stm32cubeide_1.18.1_24813_20250409_2138_x86_64.exe/STM32CubeIDE_1.18.1/STM32CubeIDE/plugins/com.st.stm32cube.ide.mcu.externaltools.gnu-tools-for-stm32.13.3.rel1.win32_1.0.0.202411081344/tools/bin/../lib/gcc/arm-none-eabi/13.3.1/../../../../arm-none-eabi/lib/thumb/v7e-m+fp/hard\libc_nano.a(libc_a-ctype_.o)
                0x0800cd88                _ctype_
                0x0800ce8c                        . = ALIGN (0x4)
 *fill*         0x0800ce89        0x3 

.ARM.extab      0x0800ce8c        0x0
                0x0800ce8c                        . = ALIGN (0x4)
 *(.ARM.extab* .gnu.linkonce.armextab.*)
                0x0800ce8c                        . = ALIGN (0x4)

.ARM            0x0800ce8c        0x8
                0x0800ce8c                        . = ALIGN (0x4)
                0x0800ce8c                        __exidx_start = .
 *(.ARM.exidx*)
 .ARM.exidx     0x0800ce8c        0x8 D:/SOFTWARE/en.st-stm32cubeide_1.18.1_24813_20250409_2138_x86_64.exe/STM32CubeIDE_1.18.1/STM32CubeIDE/plugins/com.st.stm32cube.ide.mcu.externaltools.gnu-tools-for-stm32.13.3.rel1.win32_1.0.0.202411081344/tools/bin/../lib/gcc/arm-none-eabi/13.3.1/../../../../arm-none-eabi/lib/thumb/v7e-m+fp/hard\libc_nano.a(libc_a-memchr.o)
 .ARM.exidx     0x0800ce94        0x0 D:/SOFTWARE/en.st-stm32cubeide_1.18.1_24813_20250409_2138_x86_64.exe/STM32CubeIDE_1.18.1/STM32CubeIDE/plugins/com.st.stm32cube.ide.mcu.externaltools.gnu-tools-for-stm32.13.3.rel1.win32_1.0.0.202411081344/tools/bin/../lib/gcc/arm-none-eabi/13.3.1/../../../../arm-none-eabi/lib/thumb/v7e-m+fp/hard\libc_nano.a(libc_a-strlen.o)
                                  0x8 (size before relaxing)
 .ARM.exidx     0x0800ce94        0x0 D:/SOFTWARE/en.st-stm32cubeide_1.18.1_24813_20250409_2138_x86_64.exe/STM32CubeIDE_1.18.1/STM32CubeIDE/plugins/com.st.stm32cube.ide.mcu.externaltools.gnu-tools-for-stm32.13.3.rel1.win32_1.0.0.202411081344/tools/bin/../lib/gcc/arm-none-eabi/13.3.1/thumb/v7e-m+fp/hard\libgcc.a(_udivmoddi4.o)
                                  0x8 (size before relaxing)
                0x0800ce94                        __exidx_end = .
                0x0800ce94                        . = ALIGN (0x4)

.rel.dyn        0x0800ce94        0x0
 .rel.iplt      0x0800ce94        0x0 D:/SOFTWARE/en.st-stm32cubeide_1.18.1_24813_20250409_2138_x86_64.exe/STM32CubeIDE_1.18.1/STM32CubeIDE/plugins/com.st.stm32cube.ide.mcu.externaltools.gnu-tools-for-stm32.13.3.rel1.win32_1.0.0.202411081344/tools/bin/../lib/gcc/arm-none-eabi/13.3.1/thumb/v7e-m+fp/hard/crtbegin.o

.preinit_array  0x0800ce94        0x0
                0x0800ce94                        . = ALIGN (0x4)
                0x0800ce94                        PROVIDE (__preinit_array_start = .)
 *(.preinit_array*)
                0x0800ce94                        PROVIDE (__preinit_array_end = .)
                0x0800ce94                        . = ALIGN (0x4)

.init_array     0x0800ce94        0x4
                0x0800ce94                        . = ALIGN (0x4)
                0x0800ce94                        PROVIDE (__init_array_start = .)
 *(SORT_BY_NAME(.init_array.*))
 *(.init_array*)
 .init_array    0x0800ce94        0x4 D:/SOFTWARE/en.st-stm32cubeide_1.18.1_24813_20250409_2138_x86_64.exe/STM32CubeIDE_1.18.1/STM32CubeIDE/plugins/com.st.stm32cube.ide.mcu.externaltools.gnu-tools-for-stm32.13.3.rel1.win32_1.0.0.202411081344/tools/bin/../lib/gcc/arm-none-eabi/13.3.1/thumb/v7e-m+fp/hard/crtbegin.o
                0x0800ce98                        PROVIDE (__init_array_end = .)
                0x0800ce98                        . = ALIGN (0x4)

.fini_array     0x0800ce98        0x4
                0x0800ce98                        . = ALIGN (0x4)
                [!provide]                        PROVIDE (__fini_array_start = .)
 *(SORT_BY_NAME(.fini_array.*))
 *(.fini_array*)