../Core/Src/main.c:171:6:print_uart	16	static
../Core/Src/main.c:178:6:handle_uart_command	16	static
../Core/Src/main.c:187:6:HAL_UART_RxCpltCallback	24	static
../Core/Src/main.c:207:6:set_drive_mode	152	static
../Core/Src/main.c:258:6:delay_us	16	static
../Core/Src/main.c:266:6:PS2_ATT_LOW	8	static
../Core/Src/main.c:270:6:PS2_ATT_HIGH	8	static
../Core/Src/main.c:275:6:PS2_SendCommand	40	static
../Core/Src/main.c:283:6:PS2_Init	56	static
../Core/Src/main.c:306:10:PS2_ReadButtons	48	static
../Core/Src/main.c:322:6:Test_SPI_1Byte	88	static
../Core/Src/main.c:338:6:test_joystick	104	static
../Core/Src/main.c:379:6:send_sdo_write_u8	64	static
../Core/Src/main.c:401:6:send_sdo_write_u16	64	static
../Core/Src/main.c:423:6:send_sdo_write_u32	56	static
../Core/Src/main.c:445:6:remap_rpdo1_for_velocity	16	static
../Core/Src/main.c:466:6:remap_tpdo1_velocity	16	static
../Core/Src/main.c:474:6:send_enable_sequence	16	static
../Core/Src/main.c:483:6:send_sync_frame	40	static
../Core/Src/main.c:497:6:send_velocity_rpdo	40	static
../Core/Src/main.c:532:9:read_actual_velocity	96	static
../Core/Src/main.c:573:6:print_velocity_both_nodes	384	static
../Core/Src/main.c:607:6:send_temp_to_usbcan	56	static
../Core/Src/main.c:647:6:HAL_CAN_RxFifo0MsgPendingCallback	240	static
../Core/Src/main.c:813:6:send_vel_can	56	static
../Core/Src/main.c:851:6:update_vel	40	static
../Core/Src/main.c:891:6:request_actual_velocity	56	static
../Core/Src/main.c:904:6:request_statusword	56	static
../Core/Src/main.c:932:5:main	216	static
../Core/Src/main.c:1235:6:SystemClock_Config	88	static
../Core/Src/main.c:1281:13:MX_CAN2_Init	8	static
../Core/Src/main.c:1318:13:MX_I2C1_Init	8	static
../Core/Src/main.c:1352:13:MX_I2C3_Init	8	static
../Core/Src/main.c:1386:13:MX_SPI1_Init	8	static
../Core/Src/main.c:1424:13:MX_TIM1_Init	32	static
../Core/Src/main.c:1470:13:MX_TIM8_Init	16	static
../Core/Src/main.c:1510:13:MX_TIM14_Init	8	static
../Core/Src/main.c:1541:13:MX_USART2_UART_Init	8	static
../Core/Src/main.c:1572:13:MX_DMA_Init	16	static
../Core/Src/main.c:1593:13:MX_GPIO_Init	56	static
../Core/Src/main.c:1761:6:Error_Handler	4	static,ignoring_inline_asm
