../Core/Src/main.c:157:19:CAN_SendNonBlocking	24	static
../Core/Src/main.c:190:6:print_uart	16	static
../Core/Src/main.c:197:6:handle_uart_command	16	static
../Core/Src/main.c:206:6:HAL_UART_RxCpltCallback	24	static
../Core/Src/main.c:226:6:set_drive_mode	152	static
../Core/Src/main.c:278:6:delay_us	16	static
../Core/Src/main.c:286:6:PS2_ATT_LOW	8	static
../Core/Src/main.c:290:6:PS2_ATT_HIGH	8	static
../Core/Src/main.c:295:6:PS2_SendCommand	40	static
../Core/Src/main.c:303:6:PS2_Init	56	static
../Core/Src/main.c:326:10:PS2_ReadButtons	48	static
../Core/Src/main.c:342:6:Test_SPI_1Byte	88	static
../Core/Src/main.c:358:6:test_joystick	104	static
../Core/Src/main.c:399:6:send_sdo_write_u8	64	static
../Core/Src/main.c:421:6:send_sdo_write_u16	64	static
../Core/Src/main.c:443:6:send_sdo_write_u32	56	static
../Core/Src/main.c:465:6:remap_rpdo1_for_velocity	16	static
../Core/Src/main.c:486:6:remap_tpdo1_velocity	16	static
../Core/Src/main.c:494:6:send_enable_sequence	16	static
../Core/Src/main.c:503:6:send_sync_frame	40	static
../Core/Src/main.c:517:6:send_velocity_rpdo	40	static
../Core/Src/main.c:552:9:read_actual_velocity	96	static
../Core/Src/main.c:593:6:print_velocity_both_nodes	384	static
../Core/Src/main.c:627:6:send_temp_to_usbcan	56	static
../Core/Src/main.c:667:6:HAL_CAN_RxFifo0MsgPendingCallback	240	static
../Core/Src/main.c:836:6:send_vel_can	56	static
../Core/Src/main.c:874:6:update_vel	40	static
../Core/Src/main.c:914:6:request_actual_velocity	56	static
../Core/Src/main.c:927:6:request_statusword	56	static
../Core/Src/main.c:950:6:HAL_CAN_ErrorCallback	16	static
../Core/Src/main.c:979:5:main	216	static
../Core/Src/main.c:1295:6:SystemClock_Config	88	static
../Core/Src/main.c:1341:13:MX_CAN2_Init	8	static
../Core/Src/main.c:1378:13:MX_I2C1_Init	8	static
../Core/Src/main.c:1412:13:MX_I2C3_Init	8	static
../Core/Src/main.c:1446:13:MX_SPI1_Init	8	static
../Core/Src/main.c:1484:13:MX_TIM1_Init	32	static
../Core/Src/main.c:1530:13:MX_TIM8_Init	16	static
../Core/Src/main.c:1570:13:MX_TIM14_Init	8	static
../Core/Src/main.c:1601:13:MX_USART2_UART_Init	8	static
../Core/Src/main.c:1632:13:MX_DMA_Init	16	static
../Core/Src/main.c:1653:13:MX_GPIO_Init	56	static
../Core/Src/main.c:1821:6:Error_Handler	4	static,ignoring_inline_asm
