../Drivers/CMSIS/Include/core_cm4.h:1938:34:__NVIC_SystemReset	4	static,ignoring_inline_asm
../Core/Src/main.c:154:19:CAN_SendNonBlocking	40	static
../Core/Src/main.c:204:6:print_uart	16	static
../Core/Src/main.c:211:6:handle_uart_command	16	static
../Core/Src/main.c:220:6:HAL_UART_RxCpltCallback	24	static
../Core/Src/main.c:240:6:set_drive_mode	152	static
../Core/Src/main.c:291:6:delay_us	16	static
../Core/Src/main.c:299:6:PS2_ATT_LOW	8	static
../Core/Src/main.c:303:6:PS2_ATT_HIGH	8	static
../Core/Src/main.c:308:6:PS2_SendCommand	40	static
../Core/Src/main.c:316:6:PS2_Init	56	static
../Core/Src/main.c:339:10:PS2_ReadButtons	48	static
../Core/Src/main.c:355:6:Test_SPI_1Byte	88	static
../Core/Src/main.c:371:6:test_joystick	104	static
../Core/Src/main.c:412:6:send_sdo_write_u8	64	static
../Core/Src/main.c:434:6:send_sdo_write_u16	64	static
../Core/Src/main.c:456:6:send_sdo_write_u32	56	static
../Core/Src/main.c:478:6:remap_rpdo1_for_velocity	16	static
../Core/Src/main.c:499:6:remap_tpdo1_velocity	16	static
../Core/Src/main.c:507:6:send_enable_sequence	16	static
../Core/Src/main.c:516:6:send_sync_frame	40	static
../Core/Src/main.c:530:6:send_velocity_rpdo	40	static
../Core/Src/main.c:565:9:read_actual_velocity	96	static
../Core/Src/main.c:606:6:print_velocity_both_nodes	384	static
../Core/Src/main.c:640:6:send_temp_to_usbcan	56	static
../Core/Src/main.c:681:6:HAL_CAN_RxFifo0MsgPendingCallback	240	static
../Core/Src/main.c:852:6:send_vel_can	56	static
../Core/Src/main.c:890:6:update_vel	40	static
../Core/Src/main.c:924:6:request_actual_velocity	56	static
../Core/Src/main.c:937:6:request_statusword	56	static
../Core/Src/main.c:960:6:HAL_CAN_TxMailbox0CompleteCallback	16	static
../Core/Src/main.c:965:6:HAL_CAN_TxMailbox1CompleteCallback	16	static
../Core/Src/main.c:970:6:HAL_CAN_TxMailbox2CompleteCallback	16	static
../Core/Src/main.c:978:6:HAL_CAN_ErrorCallback	152	static
../Core/Src/main.c:1031:5:main	216	static
../Core/Src/main.c:1353:6:SystemClock_Config	88	static
../Core/Src/main.c:1399:13:MX_CAN2_Init	8	static
../Core/Src/main.c:1436:13:MX_I2C1_Init	8	static
../Core/Src/main.c:1470:13:MX_I2C3_Init	8	static
../Core/Src/main.c:1504:13:MX_SPI1_Init	8	static
../Core/Src/main.c:1542:13:MX_TIM1_Init	32	static
../Core/Src/main.c:1588:13:MX_TIM8_Init	16	static
../Core/Src/main.c:1628:13:MX_TIM14_Init	8	static
../Core/Src/main.c:1659:13:MX_USART2_UART_Init	8	static
../Core/Src/main.c:1692:13:MX_GPIO_Init	56	static
../Core/Src/main.c:1856:6:Error_Handler	4	static,ignoring_inline_asm
